Archive member included to satisfy reference by file (symbol)

libee.a(ee_hal_structs.o)     obj/main.o (EE_IRQ_nesting_level)
libee.a(ee_utils.o)           obj/main.o (EE_system_init)
libee.a(ee_gnu_change_context_isr.o)
                              obj/main.o (EE_switch_context)
libee.a(ee_altick.o)          obj/main.o (EE_alarm_CounterTick)
libee.a(ee_alsetrel.o)        obj/main.o (EE_alarm_SetRelAlarm)
libee.a(ee_irqsc.o)           libee.a(ee_gnu_change_context_isr.o) (EE_IRQ_end_instance)
libee.a(ee_rqexchg.o)         libee.a(ee_irqsc.o) (EE_rq2stk_exchange)
libee.a(ee_rqinsert.o)        libee.a(ee_altick.o) (EE_rq_insert)
libee.a(ee_thact.o)           obj/main.o (EE_fp_ActivateTask)
libee.a(ee_context.o)         libee.a(ee_gnu_change_context_isr.o) (EE_cortex_mx_change_context)
libee.a(ee_context.o)         libee.a(ee_context.o) (EE_std_run_task_code)
libee.a(ee_thendin.o)         libee.a(ee_context.o) (EE_thread_end_instance)
libstm32f4discovery.a(stm32f4_discovery.o)
                              obj/main.o (STM_EVAL_LEDInit)
libstm32f4discovery.a(stm32f4_discovery_sdio_sd.o)
                              obj/diskio.o (SD_Init)
libstm32f4xxspd.a(stm32f4xx_dma.o)
                              libstm32f4discovery.a(stm32f4_discovery.o) (DMA_DeInit)
libstm32f4xxspd.a(stm32f4xx_gpio.o)
                              libstm32f4discovery.a(stm32f4_discovery.o) (GPIO_Init)
libstm32f4xxspd.a(stm32f4xx_rcc.o)
                              libstm32f4discovery.a(stm32f4_discovery.o) (RCC_AHB1PeriphClockCmd)
libstm32f4xxspd.a(stm32f4xx_sdio.o)
                              libstm32f4discovery.a(stm32f4_discovery.o) (SDIO_DeInit)
libstm32f4xxspd.a(stm32f4xx_usart.o)
                              libstm32f4discovery.a(stm32f4_discovery.o) (USART_Init)
libstm32f4xxspd.a(misc.o)     obj/diskio.o (NVIC_PriorityGroupConfig)
C:\gnu\ARM\arm-none-eabi\lib\thumb\libc.a(lib_a-exit.o)
                              c:/gnu/arm/bin/../lib/gcc/arm-none-eabi/6.2.1/../../../../arm-none-eabi/lib/thumb/v7e-m/crt0.o (exit)
C:\gnu\ARM\arm-none-eabi\lib\thumb\libc.a(lib_a-impure.o)
                              C:\gnu\ARM\arm-none-eabi\lib\thumb\libc.a(lib_a-exit.o) (_global_impure_ptr)
C:\gnu\ARM\arm-none-eabi\lib\thumb\libc.a(lib_a-init.o)
                              c:/gnu/arm/bin/../lib/gcc/arm-none-eabi/6.2.1/../../../../arm-none-eabi/lib/thumb/v7e-m/crt0.o (__libc_init_array)
C:\gnu\ARM\arm-none-eabi\lib\thumb\libc.a(lib_a-memset.o)
                              c:/gnu/arm/bin/../lib/gcc/arm-none-eabi/6.2.1/../../../../arm-none-eabi/lib/thumb/v7e-m/crt0.o (memset)
C:\gnu\ARM\arm-none-eabi\lib\thumb\libc.a(lib_a-printf.o)
                              obj/main.o (printf)
C:\gnu\ARM\arm-none-eabi\lib\thumb\libc.a(lib_a-puts.o)
                              obj/main.o (puts)
C:\gnu\ARM\arm-none-eabi\lib\thumb\libc.a(lib_a-strlen-stub.o)
                              C:\gnu\ARM\arm-none-eabi\lib\thumb\libc.a(lib_a-puts.o) (strlen)
C:\gnu\ARM\arm-none-eabi\lib\thumb\libc.a(lib_a-vfprintf.o)
                              C:\gnu\ARM\arm-none-eabi\lib\thumb\libc.a(lib_a-printf.o) (_vfprintf_r)
C:\gnu\ARM\arm-none-eabi\lib\thumb\libc.a(lib_a-wsetup.o)
                              C:\gnu\ARM\arm-none-eabi\lib\thumb\libc.a(lib_a-vfprintf.o) (__swsetup_r)
C:\gnu\ARM\arm-none-eabi\lib\thumb\libc.a(lib_a-__call_atexit.o)
                              C:\gnu\ARM\arm-none-eabi\lib\thumb\libc.a(lib_a-exit.o) (__call_exitprocs)
C:\gnu\ARM\arm-none-eabi\lib\thumb\libc.a(lib_a-atexit.o)
                              C:\gnu\ARM\arm-none-eabi\lib\thumb\libc.a(lib_a-__call_atexit.o) (atexit)
C:\gnu\ARM\arm-none-eabi\lib\thumb\libc.a(lib_a-dtoa.o)
                              C:\gnu\ARM\arm-none-eabi\lib\thumb\libc.a(lib_a-vfprintf.o) (_dtoa_r)
C:\gnu\ARM\arm-none-eabi\lib\thumb\libc.a(lib_a-fflush.o)
                              C:\gnu\ARM\arm-none-eabi\lib\thumb\libc.a(lib_a-vfprintf.o) (_fflush_r)
C:\gnu\ARM\arm-none-eabi\lib\thumb\libc.a(lib_a-findfp.o)
                              C:\gnu\ARM\arm-none-eabi\lib\thumb\libc.a(lib_a-puts.o) (__sinit)
C:\gnu\ARM\arm-none-eabi\lib\thumb\libc.a(lib_a-fini.o)
                              C:\gnu\ARM\arm-none-eabi\lib\thumb\libc.a(lib_a-__call_atexit.o) (__libc_fini_array)
C:\gnu\ARM\arm-none-eabi\lib\thumb\libc.a(lib_a-freer.o)
                              C:\gnu\ARM\arm-none-eabi\lib\thumb\libc.a(lib_a-wsetup.o) (_free_r)
C:\gnu\ARM\arm-none-eabi\lib\thumb\libc.a(lib_a-fvwrite.o)
                              C:\gnu\ARM\arm-none-eabi\lib\thumb\libc.a(lib_a-puts.o) (__sfvwrite_r)
C:\gnu\ARM\arm-none-eabi\lib\thumb\libc.a(lib_a-fwalk.o)
                              C:\gnu\ARM\arm-none-eabi\lib\thumb\libc.a(lib_a-findfp.o) (_fwalk)
C:\gnu\ARM\arm-none-eabi\lib\thumb\libc.a(lib_a-localeconv.o)
                              C:\gnu\ARM\arm-none-eabi\lib\thumb\libc.a(lib_a-vfprintf.o) (_localeconv_r)
C:\gnu\ARM\arm-none-eabi\lib\thumb\libc.a(lib_a-makebuf.o)
[...]
Memory Configuration

Name             Origin             Length             Attributes
FLASH            0x08000000         0x00100000         xr
RAM              0x20000000         0x00020000         xrw
CCM              0x10000000         0x00010000         xrw
MEMORY_B1        0x60000000         0x00000000         xr
*default*        0x00000000         0xffffffff

Linker script and memory map

LOAD c:/gnu/arm/bin/../lib/gcc/arm-none-eabi/6.2.1/thumb/v7e-m/crti.o
LOAD c:/gnu/arm/bin/../lib/gcc/arm-none-eabi/6.2.1/thumb/v7e-m/crtbegin.o
LOAD c:/gnu/arm/bin/../lib/gcc/arm-none-eabi/6.2.1/../../../../arm-none-eabi/lib/thumb/v7e-m/crt0.o
LOAD obj/diskio.o
LOAD obj/eecfg.o
LOAD obj/ff.o
LOAD obj/main.o
LOAD obj/pkg/mcu/st_stm32_stm32f4xx/src/startup_stm32f4xx_gnu.o
LOAD obj/pkg/mcu/st_stm32_stm32f4xx/src/system_stm32f4xx.o
LOAD libee.a
LOAD libstm32f4discovery.a
LOAD libstm32f4xxspd.a
START GROUP
LOAD c:/gnu/arm/bin/../lib/gcc/arm-none-eabi/6.2.1/thumb/v7e-m\libgcc.a
LOAD C:\gnu\ARM\arm-none-eabi\lib\thumb\libc.a
LOAD C:\gnu\ARM\arm-none-eabi\lib\thumb\libm.a
LOAD C:\gnu\ARM\arm-none-eabi\lib\thumb\libnosys.a
END GROUP

.text           0x08000000    0x10da8
 *(.isr_vector)
 .isr_vector    0x08000000      0x188 obj/pkg/mcu/st_stm32_stm32f4xx/src/startup_stm32f4xx_gnu.o
                0x08000000                __isr_vector
 *(.text*)
 .text          0x08000188        0x0 c:/gnu/arm/bin/../lib/gcc/arm-none-eabi/6.2.1/thumb/v7e-m/crti.o
 .text          0x08000188       0x6c c:/gnu/arm/bin/../lib/gcc/arm-none-eabi/6.2.1/thumb/v7e-m/crtbegin.o
 .text          0x080001f4       0x74 c:/gnu/arm/bin/../lib/gcc/arm-none-eabi/6.2.1/../../../../arm-none-eabi/lib/thumb/v7e-m/crt0.o
                0x080001f4                _start
                0x080001f4                _mainCRTStartup
 .text          0x08000268      0x174 obj/diskio.o
                0x08000268                disk_initialize
                0x080002b4                disk_status
                0x080002d4                disk_read
                0x08000324                disk_write
                0x08000374                get_fattime
                0x08000388                disk_ioctl
 .text          0x080003dc       0x30 obj/eecfg.o
 .text          0x0800040c     0x30ec obj/ff.o
                0x0800071e                clust2sect
                0x0800075a                get_fat
                0x080008c8                put_fat
                0x08001d6e                f_mount
                0x08001df4                f_open
                0x08002074                f_read
                0x080022e4                f_write
                0x080025be                f_sync
                0x0800270e                f_close
                0x08002746                f_lseek
                0x080029ac                f_opendir
                0x08002a66                f_closedir
                0x08002a8e                f_readdir
                0x08002b14                f_stat
                0x08002b88                f_getfree
                0x08002d10                f_truncate
                0x08002e56                f_unlink
                0x08002fa4                f_mkdir
                0x080031e8                f_chmod
                0x08003292                f_rename
                0x08003446                f_utime
 .text          0x080034f8      0x5d8 obj/main.o
                0x08003528                systick_handler
                0x080035e4                ISR2_systick_handler
                0x080035f2                SDIO_IRQHandler
                0x0800360e                ISR1_SDIO_IRQHandler
                0x0800361a                SD_SDIO_DMA_IRQHandler
                0x08003636                ISR1_SD_SDIO_DMA_IRQHANDLER
                0x080036cc                FuncTaskLedBlink
                0x080036ec                FuncTaskSDCard
                0x08003a54                main
 .text          0x08003ad0        0x0 obj/pkg/mcu/st_stm32_stm32f4xx/src/startup_stm32f4xx_gnu.o
 .text.EE_cortex_mx_default_reset_ISR
                0x08003ad0       0x40 obj/pkg/mcu/st_stm32_stm32f4xx/src/startup_stm32f4xx_gnu.o
                0x08003ad0                EE_cortex_mx_default_reset_ISR
 .text.EE_cortex_mx_default_ISR
                0x08003b10        0x4 obj/pkg/mcu/st_stm32_stm32f4xx/src/startup_stm32f4xx_gnu.o
                0x08003b10                EE_CORTEX_MX_DMA1_STREAM4_ISR
                0x08003b10                EE_CORTEX_MX_USART6_ISR
                0x08003b10                EE_CORTEX_MX_DMA1_STREAM6_ISR
                0x08003b10                EE_CORTEX_MX_CRYP_ISR
                0x08003b10                EE_CORTEX_MX_DMA1_STREAM5_ISR
                0x08003b10                EE_CORTEX_MX_BUS_FAULT_ISR
                0x08003b10                EE_CORTEX_MX_PVD_ISR
                0x08003b10                EE_CORTEX_MX_SPI2_ISR
                0x08003b10                EE_CORTEX_MX_CAN1_RX1_ISR
                0x08003b10                EE_CORTEX_MX_DMA2_STREAM5_ISR
                0x08003b10                EE_CORTEX_MX_TIM6_DAC_ISR
                0x08003b10                EE_CORTEX_MX_I2C2_EV_ISR
                0x08003b10                EE_CORTEX_MX_TIM1_UP_TIM10_ISR
                0x08003b10                EE_CORTEX_MX_CAN1_RX0_ISR
                0x08003b10                EE_CORTEX_MX_USART1_ISR
                0x08003b10                EE_CORTEX_MX_TIM8_CC_ISR
                0x08003b10                EE_CORTEX_MX_RTC_Alarm_ISR
                0x08003b10                EE_CORTEX_MX_EXTI2_ISR
                0x08003b10                EE_CORTEX_MX_OTG_HS_ISR
                0x08003b10                EE_CORTEX_MX_DCMI_ISR
                0x08003b10                EE_CORTEX_MX_DMA2_STREAM0_ISR
                0x08003b10                EE_CORTEX_MX_SPI1_ISR
                0x08003b10                EE_cortex_mx_default_ISR
                0x08003b10                EE_CORTEX_MX_ETH_WKUP_ISR
                0x08003b10                EE_CORTEX_MX_TIM8_TRG_COM_TIM14_ISR
                0x08003b10                EE_CORTEX_MX_USAGE_FAULT_ISR
                0x08003b10                EE_CORTEX_MX_TIM7_ISR
                0x08003b10                EE_CORTEX_MX_TIM2_ISR
                0x08003b10                EE_CORTEX_MX_I2C1_EV_ISR
                0x08003b10                EE_CORTEX_MX_TIM1_TRG_COM_TIM11_ISR
                0x08003b10                EE_CORTEX_MX_UART5_ISR
                0x08003b10                EE_CORTEX_MX_UART4_ISR
                0x08003b10                EE_CORTEX_MX_NMI_ISR
                0x08003b10                EE_CORTEX_MX_TIM3_ISR
                0x08003b10                EE_CORTEX_MX_USART3_ISR
                0x08003b10                EE_CORTEX_MX_DMA2_STREAM4_ISR
                0x08003b10                EE_CORTEX_MX_EXTI4_ISR
                0x08003b10                EE_CORTEX_MX_ADC_ISR
                0x08003b10                EE_CORTEX_MX_OTG_HS_EP1_IN_ISR
                0x08003b10                EE_CORTEX_MX_DMA2_STREAM1_ISR
                0x08003b10                EE_CORTEX_MX_CAN1_TX_ISR
                0x08003b10                EE_CORTEX_MX_USART2_ISR
                0x08003b10                EE_CORTEX_MX_I2C2_ER_ISR
                0x08003b10                EE_CORTEX_MX_I2C3_EV_ISR
                0x08003b10                EE_CORTEX_MX_HARD_FAULT_ISR
                0x08003b10                EE_CORTEX_MX_DMA1_STREAM3_ISR
                0x08003b10                EE_CORTEX_MX_OTG_HS_EP1_OUT_ISR
                0x08003b10                EE_CORTEX_MX_TIM8_BRK_TIM12_ISR
                0x08003b10                EE_CORTEX_MX_CAN1_SCE_ISR
                0x08003b10                EE_CORTEX_MX_DMA1_STREAM1_ISR
                0x08003b10                EE_CORTEX_MX_TIM4_ISR
                0x08003b10                EE_CORTEX_MX_ETH_ISR
                0x08003b10                EE_CORTEX_MX_OTG_FS_ISR
                0x08003b10                EE_CORTEX_MX_CAN2_RX0_ISR
                0x08003b10                EE_CORTEX_MX_CAN2_SCE_ISR
                0x08003b10                EE_CORTEX_MX_FPU_ISR
                0x08003b10                EE_CORTEX_MX_RTC_WKUP_ISR
                0x08003b10                EE_CORTEX_MX_TIM8_UP_TIM13_ISR
                0x08003b10                EE_CORTEX_MX_OTG_FS_WKUP_ISR
                0x08003b10                EE_CORTEX_MX_DMA1_STREAM2_ISR
                0x08003b10                EE_CORTEX_MX_EXTI9_5_ISR
                0x08003b10                EE_CORTEX_MX_EXTI3_ISR
                0x08003b10                EE_CORTEX_MX_EXTI0_ISR
                0x08003b10                EE_CORTEX_MX_I2C1_ER_ISR
                0x08003b10                EE_CORTEX_MX_FLASH_ISR
                0x08003b10                EE_CORTEX_MX_OTG_HS_WKUP_ISR
                0x08003b10                EE_CORTEX_MX_TIM1_BRK_TIM9_ISR
                0x08003b10                EE_CORTEX_MX_I2C3_ER_ISR
                0x08003b10                EE_CORTEX_MX_TIM1_CC_ISR
                0x08003b10                EE_CORTEX_MX_SPI3_ISR
                0x08003b10                EE_CORTEX_MX_EXTI15_10_ISR
                0x08003b10                EE_CORTEX_MX_CAN2_TX_ISR
                0x08003b10                EE_CORTEX_MX_RCC_ISR
                0x08003b10                EE_CORTEX_MX_FSMC_ISR
                0x08003b10                EE_CORTEX_MX_DMA2_STREAM2_ISR
                0x08003b10                EE_CORTEX_MX_DMA2_STREAM7_ISR
                0x08003b10                EE_CORTEX_MX_EXTI1_ISR
                0x08003b10                EE_CORTEX_MX_DEBUG_MONITOR_ISR
                0x08003b10                EE_CORTEX_MX_WWDG_ISR
                0x08003b10                EE_CORTEX_MX_MPU_FAULT_ISR
                0x08003b10                EE_CORTEX_MX_HASH_RNG_ISR
                0x08003b10                EE_CORTEX_MX_DMA2_STREAM6_ISR
                0x08003b10                EE_CORTEX_MX_TIM5_ISR
                0x08003b10                EE_CORTEX_MX_DMA1_STREAM0_ISR
                0x08003b10                EE_CORTEX_MX_TAMP_STAMP_ISR
                0x08003b10                EE_CORTEX_MX_CAN2_RX1_ISR
                0x08003b10                EE_CORTEX_MX_DMA1_Stream7_ISR
 .text._exit    0x08003b14        0x6 obj/pkg/mcu/st_stm32_stm32f4xx/src/startup_stm32f4xx_gnu.o
                0x08003b14                _exit
 *fill*         0x08003b1a        0x2 
 .text          0x08003b1c      0x244 obj/pkg/mcu/st_stm32_stm32f4xx/src/system_stm32f4xx.o
                0x08003b1c                SystemInit
                0x08003b78                SystemCoreClockUpdate
 .text          0x08003d60       0x30 libee.a(ee_hal_structs.o)
 .text          0x08003d90       0xc0 libee.a(ee_utils.o)
                0x08003dc0                EE_system_init
 .text          0x08003e50       0x80 libee.a(ee_gnu_change_context_isr.o)
                0x08003e50                EE_set_switch_context_pri
                0x08003e6a                EE_switch_context
                0x08003e74                EE_cortex_mx_pendsv_ISR
                0x08003eb2                EE_cortex_mx_svc_ISR
 .text          0x08003ed0      0x2bc libee.a(ee_altick.o)
                0x08003f00                EE_alarm_insert
                0x08004044                EE_alarm_CounterTick
 .text          0x0800418c       0x7c libee.a(ee_alsetrel.o)
                0x080041bc                EE_alarm_SetRelAlarm
 .text          0x08004208       0xa0 libee.a(ee_irqsc.o)
                0x08004238                EE_IRQ_end_instance
 .text          0x080042a8       0x74 libee.a(ee_rqexchg.o)
                0x080042d8                EE_rq2stk_exchange
 .text          0x0800431c       0xb0 libee.a(ee_rqinsert.o)
                0x0800434c                EE_rq_insert
 .text          0x080043cc       0xe4 libee.a(ee_thact.o)
                0x080043fc                EE_fp_ActivateTask
 .text          0x080044b0       0x4e libee.a(ee_context.o)
                0x080044e0                EE_cortex_mx_change_context
 *fill*         0x080044fe        0x2 
 .text          0x08004500       0x6c libee.a(ee_context.o)
                0x08004530                EE_std_run_task_code
 .text          0x0800456c       0xf8 libee.a(ee_thendin.o)
                0x0800459c                EE_thread_end_instance
 .text          0x08004664      0x4d0 libstm32f4discovery.a(stm32f4_discovery.o)
                0x08004664                STM_EVAL_LEDInit
                0x080046c0                STM_EVAL_LEDOn
                0x080046f0                STM_EVAL_LEDOff
                0x08004720                STM_EVAL_LEDToggle
                0x0800475c                STM_EVAL_COMInit
                0x0800487c                SD_LowLevel_DeInit
                0x08004920                SD_LowLevel_Init
                0x080049ec                SD_LowLevel_DMA_TxConfig
                0x08004a90                SD_LowLevel_DMA_RxConfig
 .text          0x08004b34     0x2268 libstm32f4discovery.a(stm32f4_discovery_sdio_sd.o)
                0x08004b34                SD_DeInit
                0x08004b40                SD_Init
                0x08004bf4                SD_GetStatus
                0x08004c24                SD_GetState
                0x08004c62                SD_Detect
                0x08004c90                SD_PowerON
                0x08004ebc                SD_PowerOFF
                0x08004ed6                SD_InitializeCards
                0x08005064                SD_GetCardInfo
                0x0800559c                SD_GetCardStatus
                0x080056d4                SD_EnableWideBusOperation
                0x080057ac                SD_SelectDeselect
                0x080057f8                SD_ReadBlock
                0x08005918                SD_ReadMultiBlocks
                0x08005a44                SD_WaitReadOperation
                0x08005afc                SD_WriteBlock
                0x08005c1c                SD_WriteMultiBlocks
                0x08005dc4                SD_WaitWriteOperation
                0x08005e7c                SD_GetTransferState
                0x08005ea0                SD_StopTransfer
                0x08005ee8                SD_Erase
                0x08006090                SD_SendStatus
                0x08006108                SD_SendSDStatus
                0x08006314                SD_ProcessIRQSrc
                0x080063dc                SD_ProcessDMAIRQ
                0x08006d6c                convert_from_bytes_to_power_of_two
 .text          0x08006d9c      0x6f4 libstm32f4xxspd.a(stm32f4xx_dma.o)
                0x08006d9c                DMA_DeInit
                0x08006f40                DMA_Init
                0x08006fec                DMA_StructInit
                0x08007058                DMA_Cmd
                0x0800708e                DMA_PeriphIncOffsetSizeConfig
                0x080070c2                DMA_FlowControllerConfig
                0x080070f6                DMA_SetCurrDataCounter
                0x08007112                DMA_GetCurrDataCounter
                0x0800712a                DMA_DoubleBufferModeConfig
                0x08007166                DMA_DoubleBufferModeCmd
                0x0800719c                DMA_MemoryTargetConfig
                0x080071c6                DMA_GetCurrentMemoryTarget
                0x080071f4                DMA_GetCmdStatus
                0x08007222                DMA_GetFIFOStatus
                0x08007244                DMA_GetFlagStatus
                0x080072b8                DMA_ClearFlag
                0x08007314                DMA_ITConfig
                0x08007386                DMA_GetITStatus
                0x08007434                DMA_ClearITPendingBit
 .text          0x08007490      0x478 libstm32f4xxspd.a(stm32f4xx_gpio.o)
                0x08007490                GPIO_DeInit
                0x080075b0                GPIO_Init
                0x080076ca                GPIO_StructInit
                0x080076fc                GPIO_PinLockConfig
                0x0800773e                GPIO_ReadInputDataBit
                0x08007770                GPIO_ReadInputData
                0x08007788                GPIO_ReadOutputDataBit
                0x080077ba                GPIO_ReadOutputData
                0x080077d2                GPIO_SetBits
                0x080077ee                GPIO_ResetBits
                0x0800780a                GPIO_WriteBit
                0x08007838                GPIO_Write
                0x08007854                GPIO_ToggleBits
                0x08007876                GPIO_PinAFConfig
 .text          0x08007908      0xa74 libstm32f4xxspd.a(stm32f4xx_rcc.o)
                0x08007908                RCC_DeInit
                0x08007958                RCC_HSEConfig
                0x0800797c                RCC_WaitForHSEStartUp
                0x080079cc                RCC_AdjustHSICalibrationValue
                0x08007a08                RCC_HSICmd
                0x08007a28                RCC_LSEConfig
                0x08007a68                RCC_LSICmd
                0x08007a88                RCC_PLLConfig
                0x08007ac4                RCC_PLLCmd
                0x08007ae4                RCC_PLLI2SConfig
                0x08007b0c                RCC_PLLI2SCmd
                0x08007b2c                RCC_ClockSecuritySystemCmd
                0x08007b4c                RCC_MCO1Config
                0x08007b88                RCC_MCO2Config
                0x08007bc4                RCC_SYSCLKConfig
                0x08007bfc                RCC_GetSYSCLKSource
                0x08007c18                RCC_HCLKConfig
                0x08007c50                RCC_PCLK1Config
                0x08007c88                RCC_PCLK2Config
                0x08007cc0                RCC_GetClocksFreq
                0x08007e10                RCC_RTCCLKConfig
                0x08007e6c                RCC_RTCCLKCmd
                0x08007e8c                RCC_BackupResetCmd
                0x08007eac                RCC_I2SCLKConfig
                0x08007ec8                RCC_AHB1PeriphClockCmd
                0x08007f04                RCC_AHB2PeriphClockCmd
                0x08007f40                RCC_AHB3PeriphClockCmd
                0x08007f7c                RCC_APB1PeriphClockCmd
                0x08007fb8                RCC_APB2PeriphClockCmd
                0x08007ff4                RCC_AHB1PeriphResetCmd
                0x08008030                RCC_AHB2PeriphResetCmd
                0x0800806c                RCC_AHB3PeriphResetCmd
                0x080080a8                RCC_APB1PeriphResetCmd
                0x080080e4                RCC_APB2PeriphResetCmd
                0x08008120                RCC_AHB1PeriphClockLPModeCmd
                0x0800815c                RCC_AHB2PeriphClockLPModeCmd
                0x08008198                RCC_AHB3PeriphClockLPModeCmd
                0x080081d4                RCC_APB1PeriphClockLPModeCmd
                0x08008210                RCC_APB2PeriphClockLPModeCmd
                0x0800824c                RCC_ITConfig
                0x08008298                RCC_GetFlagStatus
                0x0800830c                RCC_ClearFlag
                0x08008328                RCC_GetITStatus
                0x0800835c                RCC_ClearITPendingBit
 .text          0x0800837c      0x4c0 libstm32f4xxspd.a(stm32f4xx_sdio.o)
                0x0800837c                SDIO_DeInit
                0x08008398                SDIO_Init
                0x080083f4                SDIO_StructInit
                0x0800842a                SDIO_ClockCmd
                0x08008448                SDIO_SetPowerState
                0x08008464                SDIO_GetPowerState
                0x0800847c                SDIO_SendCommand
                0x080084d4                SDIO_CmdStructInit
                0x08008504                SDIO_GetCommandResponse
                0x0800851c                SDIO_GetResponse
                0x08008544                SDIO_DataConfig
                0x080085a0                SDIO_DataStructInit
                0x080085d8                SDIO_GetDataCounter
                0x080085ec                SDIO_ReadData
                0x08008604                SDIO_WriteData
                0x08008624                SDIO_GetFIFOCount
                0x08008638                SDIO_StartSDIOReadWait
                0x08008658                SDIO_StopSDIOReadWait
                0x08008678                SDIO_SetSDIOReadWaitMode
                0x08008694                SDIO_SetSDIOOperation
                0x080086b4                SDIO_SendSDIOSuspendCmd
                0x080086d4                SDIO_CommandCompletionCmd
                0x080086f4                SDIO_CEATAITCmd
                0x08008720                SDIO_SendCEATACmd
                0x08008740                SDIO_DMACmd
                0x08008760                SDIO_ITConfig
                0x0800879c                SDIO_GetFlagStatus
                0x080087d0                SDIO_ClearFlag
                0x080087ec                SDIO_GetITStatus
                0x08008820                SDIO_ClearITPendingBit
 .text          0x0800883c      0x8f4 libstm32f4xxspd.a(stm32f4xx_usart.o)
                0x0800883c                USART_DeInit
                0x08008910                USART_Init
                0x08008a84                USART_StructInit
                0x08008abc                USART_ClockInit
                0x08008b10                USART_ClockStructInit
                0x08008b3a                USART_Cmd
                0x08008b78                USART_SetPrescaler
                0x08008bb0                USART_OverSampling8Cmd
                0x08008bf2                USART_OneBitMethodCmd
                0x08008c30                USART_SendData
                0x08008c52                USART_ReceiveData
                0x08008c70                USART_SetAddress
                0x08008ca8                USART_ReceiverWakeUpCmd
                0x08008ce6                USART_WakeUpConfig
                0x08008d1c                USART_LINBreakDetectLengthConfig
                0x08008d52                USART_LINCmd
                0x08008d90                USART_SendBreak
                0x08008db2                USART_HalfDuplexCmd
                0x08008df0                USART_SetGuardTime
                0x08008e2a                USART_SmartCardCmd
                0x08008e68                USART_SmartCardNACKCmd
                0x08008ea6                USART_IrDAConfig
                0x08008edc                USART_IrDACmd
                0x08008f1a                USART_DMACmd
                0x08008f60                USART_ITConfig
                0x08008fee                USART_GetFlagStatus
                0x08009024                USART_ClearFlag
                0x08009044                USART_GetITStatus
                0x080090f8                USART_ClearITPendingBit
 .text          0x08009130      0x18c libstm32f4xxspd.a(misc.o)
                0x08009130                NVIC_PriorityGroupConfig
                0x08009154                NVIC_Init
                0x08009218                NVIC_SetVectorTable
                0x08009244                NVIC_SystemLPConfig
                0x08009284                SysTick_CLKSourceConfig
 .text          0x080092bc        0x0 C:\gnu\ARM\arm-none-eabi\lib\thumb\libc.a(lib_a-exit.o)
 .text.exit     0x080092bc       0x28 C:\gnu\ARM\arm-none-eabi\lib\thumb\libc.a(lib_a-exit.o)
                0x080092bc                exit
 .text          0x080092e4        0x0 C:\gnu\ARM\arm-none-eabi\lib\thumb\libc.a(lib_a-impure.o)
 .text          0x080092e4        0x0 C:\gnu\ARM\arm-none-eabi\lib\thumb\libc.a(lib_a-init.o)
 .text.__libc_init_array
                0x080092e4       0x58 C:\gnu\ARM\arm-none-eabi\lib\thumb\libc.a(lib_a-init.o)
                0x080092e4                __libc_init_array
 .text          0x0800933c        0x0 C:\gnu\ARM\arm-none-eabi\lib\thumb\libc.a(lib_a-memset.o)
 .text.memset   0x0800933c       0x9c C:\gnu\ARM\arm-none-eabi\lib\thumb\libc.a(lib_a-memset.o)
                0x0800933c                memset
 .text          0x080093d8        0x0 C:\gnu\ARM\arm-none-eabi\lib\thumb\libc.a(lib_a-printf.o)
 .text._printf_r
                0x080093d8       0x1c C:\gnu\ARM\arm-none-eabi\lib\thumb\libc.a(lib_a-printf.o)
                0x080093d8                _printf_r
 .text.printf   0x080093f4       0x24 C:\gnu\ARM\arm-none-eabi\lib\thumb\libc.a(lib_a-printf.o)
                0x080093f4                printf
 .text          0x08009418        0x0 C:\gnu\ARM\arm-none-eabi\lib\thumb\libc.a(lib_a-puts.o)
 .text._puts_r  0x08009418       0x74 C:\gnu\ARM\arm-none-eabi\lib\thumb\libc.a(lib_a-puts.o)
                0x08009418                _puts_r
 .text.puts     0x0800948c       0x18 C:\gnu\ARM\arm-none-eabi\lib\thumb\libc.a(lib_a-puts.o)
                0x0800948c                puts
 .text          0x080094a4        0x0 C:\gnu\ARM\arm-none-eabi\lib\thumb\libc.a(lib_a-strlen-stub.o)
 .text.strlen   0x080094a4       0x68 C:\gnu\ARM\arm-none-eabi\lib\thumb\libc.a(lib_a-strlen-stub.o)
                0x080094a4                strlen
 .text          0x0800950c        0x0 C:\gnu\ARM\arm-none-eabi\lib\thumb\libc.a(lib_a-vfprintf.o)
 .text._vfprintf_r
                0x0800950c     0x15c4 C:\gnu\ARM\arm-none-eabi\lib\thumb\libc.a(lib_a-vfprintf.o)
                0x0800950c                _vfprintf_r
 .text.vfprintf
                0x0800aad0       0x1c C:\gnu\ARM\arm-none-eabi\lib\thumb\libc.a(lib_a-vfprintf.o)
                0x0800aad0                vfprintf
 .text.__sbprintf
                0x0800aaec       0x78 C:\gnu\ARM\arm-none-eabi\lib\thumb\libc.a(lib_a-vfprintf.o)
 .text          0x0800ab64        0x0 C:\gnu\ARM\arm-none-eabi\lib\thumb\libc.a(lib_a-wsetup.o)
 .text.__swsetup_r
                0x0800ab64       0xdc C:\gnu\ARM\arm-none-eabi\lib\thumb\libc.a(lib_a-wsetup.o)
                0x0800ab64                __swsetup_r
 .text          0x0800ac40        0x0 C:\gnu\ARM\arm-none-eabi\lib\thumb\libc.a(lib_a-__call_atexit.o)
 .text.startup.register_fini
                0x0800ac40       0x1c C:\gnu\ARM\arm-none-eabi\lib\thumb\libc.a(lib_a-__call_atexit.o)
 .text.__call_exitprocs
                0x0800ac5c      0x104 C:\gnu\ARM\arm-none-eabi\lib\thumb\libc.a(lib_a-__call_atexit.o)
                0x0800ac5c                __call_exitprocs
 .text          0x0800ad60        0x0 C:\gnu\ARM\arm-none-eabi\lib\thumb\libc.a(lib_a-atexit.o)
 .text.atexit   0x0800ad60       0x14 C:\gnu\ARM\arm-none-eabi\lib\thumb\libc.a(lib_a-atexit.o)
                0x0800ad60                atexit
 .text          0x0800ad74        0x0 C:\gnu\ARM\arm-none-eabi\lib\thumb\libc.a(lib_a-dtoa.o)
 .text.quorem   0x0800ad74      0x15c C:\gnu\ARM\arm-none-eabi\lib\thumb\libc.a(lib_a-dtoa.o)
 .text._dtoa_r  0x0800aed0      0xfd0 C:\gnu\ARM\arm-none-eabi\lib\thumb\libc.a(lib_a-dtoa.o)
                0x0800aed0                _dtoa_r
 .text          0x0800bea0        0x0 C:\gnu\ARM\arm-none-eabi\lib\thumb\libc.a(lib_a-fflush.o)
 .text.__sflush_r
                0x0800bea0      0x168 C:\gnu\ARM\arm-none-eabi\lib\thumb\libc.a(lib_a-fflush.o)
                0x0800bea0                __sflush_r
 .text._fflush_r
                0x0800c008       0x30 C:\gnu\ARM\arm-none-eabi\lib\thumb\libc.a(lib_a-fflush.o)
                0x0800c008                _fflush_r
 .text.fflush   0x0800c038       0x2c C:\gnu\ARM\arm-none-eabi\lib\thumb\libc.a(lib_a-fflush.o)
                0x0800c038                fflush
 .text          0x0800c064        0x0 C:\gnu\ARM\arm-none-eabi\lib\thumb\libc.a(lib_a-findfp.o)
 .text.__fp_unlock
                0x0800c064        0x4 C:\gnu\ARM\arm-none-eabi\lib\thumb\libc.a(lib_a-findfp.o)
 .text._cleanup_r
                0x0800c068       0x14 C:\gnu\ARM\arm-none-eabi\lib\thumb\libc.a(lib_a-findfp.o)
                0x0800c068                _cleanup_r
 .text.__sinit.part.1
                0x0800c07c       0xf4 C:\gnu\ARM\arm-none-eabi\lib\thumb\libc.a(lib_a-findfp.o)
 .text.__fp_lock
                0x0800c170        0x4 C:\gnu\ARM\arm-none-eabi\lib\thumb\libc.a(lib_a-findfp.o)
 .text.__sfmoreglue
                0x0800c174       0x34 C:\gnu\ARM\arm-none-eabi\lib\thumb\libc.a(lib_a-findfp.o)
                0x0800c174                __sfmoreglue
 .text.__sfp    0x0800c1a8       0x90 C:\gnu\ARM\arm-none-eabi\lib\thumb\libc.a(lib_a-findfp.o)
                0x0800c1a8                __sfp
 .text._cleanup
                0x0800c238       0x1c C:\gnu\ARM\arm-none-eabi\lib\thumb\libc.a(lib_a-findfp.o)
                0x0800c238                _cleanup
 .text.__sinit  0x0800c254       0x14 C:\gnu\ARM\arm-none-eabi\lib\thumb\libc.a(lib_a-findfp.o)
                0x0800c254                __sinit
 .text.__sfp_lock_acquire
                0x0800c268        0x4 C:\gnu\ARM\arm-none-eabi\lib\thumb\libc.a(lib_a-findfp.o)
                0x0800c268                __sfp_lock_acquire
 .text.__sfp_lock_release
                0x0800c26c        0x4 C:\gnu\ARM\arm-none-eabi\lib\thumb\libc.a(lib_a-findfp.o)
                0x0800c26c                __sfp_lock_release
 .text.__sinit_lock_acquire
                0x0800c270        0x4 C:\gnu\ARM\arm-none-eabi\lib\thumb\libc.a(lib_a-findfp.o)
                0x0800c270                __sinit_lock_acquire
 .text.__sinit_lock_release
                0x0800c274        0x4 C:\gnu\ARM\arm-none-eabi\lib\thumb\libc.a(lib_a-findfp.o)
                0x0800c274                __sinit_lock_release
 .text.__fp_lock_all
                0x0800c278       0x1c C:\gnu\ARM\arm-none-eabi\lib\thumb\libc.a(lib_a-findfp.o)
                0x0800c278                __fp_lock_all
 .text.__fp_unlock_all
                0x0800c294       0x1c C:\gnu\ARM\arm-none-eabi\lib\thumb\libc.a(lib_a-findfp.o)
                0x0800c294                __fp_unlock_all
 .text          0x0800c2b0        0x0 C:\gnu\ARM\arm-none-eabi\lib\thumb\libc.a(lib_a-fini.o)
 .text.__libc_fini_array
                0x0800c2b0       0x3c C:\gnu\ARM\arm-none-eabi\lib\thumb\libc.a(lib_a-fini.o)
                0x0800c2b0                __libc_fini_array
 .text          0x0800c2ec        0x0 C:\gnu\ARM\arm-none-eabi\lib\thumb\libc.a(lib_a-freer.o)
 .text._malloc_trim_r
                0x0800c2ec       0xa4 C:\gnu\ARM\arm-none-eabi\lib\thumb\libc.a(lib_a-freer.o)
                0x0800c2ec                _malloc_trim_r
 .text._free_r  0x0800c390      0x1c0 C:\gnu\ARM\arm-none-eabi\lib\thumb\libc.a(lib_a-freer.o)
                0x0800c390                _free_r
 .text          0x0800c550        0x0 C:\gnu\ARM\arm-none-eabi\lib\thumb\libc.a(lib_a-fvwrite.o)
 .text.__sfvwrite_r
                0x0800c550      0x334 C:\gnu\ARM\arm-none-eabi\lib\thumb\libc.a(lib_a-fvwrite.o)
                0x0800c550                __sfvwrite_r
 .text          0x0800c884        0x0 C:\gnu\ARM\arm-none-eabi\lib\thumb\libc.a(lib_a-fwalk.o)
 .text._fwalk   0x0800c884       0x4c C:\gnu\ARM\arm-none-eabi\lib\thumb\libc.a(lib_a-fwalk.o)
                0x0800c884                _fwalk
 .text._fwalk_reent
                0x0800c8d0       0x54 C:\gnu\ARM\arm-none-eabi\lib\thumb\libc.a(lib_a-fwalk.o)
                0x0800c8d0                _fwalk_reent
 .text          0x0800c924        0x0 C:\gnu\ARM\arm-none-eabi\lib\thumb\libc.a(lib_a-localeconv.o)
 .text.__localeconv_l
                0x0800c924        0x4 C:\gnu\ARM\arm-none-eabi\lib\thumb\libc.a(lib_a-localeconv.o)
                0x0800c924                __localeconv_l
 .text._localeconv_r
                0x0800c928       0x1c C:\gnu\ARM\arm-none-eabi\lib\thumb\libc.a(lib_a-localeconv.o)
                0x0800c928                _localeconv_r
 .text.localeconv
                0x0800c944       0x1c C:\gnu\ARM\arm-none-eabi\lib\thumb\libc.a(lib_a-localeconv.o)
                0x0800c944                localeconv
 .text          0x0800c960        0x0 C:\gnu\ARM\arm-none-eabi\lib\thumb\libc.a(lib_a-makebuf.o)
 .text.__swhatbuf_r
                0x0800c960       0x64 C:\gnu\ARM\arm-none-eabi\lib\thumb\libc.a(lib_a-makebuf.o)
                0x0800c960                __swhatbuf_r
 .text.__smakebuf_r
                0x0800c9c4       0x90 C:\gnu\ARM\arm-none-eabi\lib\thumb\libc.a(lib_a-makebuf.o)
                0x0800c9c4                __smakebuf_r
 .text          0x0800ca54        0x0 C:\gnu\ARM\arm-none-eabi\lib\thumb\libc.a(lib_a-mallocr.o)
 .text._malloc_r
                0x0800ca54      0x560 C:\gnu\ARM\arm-none-eabi\lib\thumb\libc.a(lib_a-mallocr.o)
                0x0800ca54                _malloc_r
 .text          0x0800cfb4        0x0 C:\gnu\ARM\arm-none-eabi\lib\thumb\libc.a(lib_a-memchr-stub.o)
 .text.memchr   0x0800cfb4       0x84 C:\gnu\ARM\arm-none-eabi\lib\thumb\libc.a(lib_a-memchr-stub.o)
                0x0800cfb4                memchr
 .text          0x0800d038        0x0 C:\gnu\ARM\arm-none-eabi\lib\thumb\libc.a(lib_a-memcpy-stub.o)
 .text.memcpy   0x0800d038       0x88 C:\gnu\ARM\arm-none-eabi\lib\thumb\libc.a(lib_a-memcpy-stub.o)
                0x0800d038                memcpy
 .text          0x0800d0c0        0x0 C:\gnu\ARM\arm-none-eabi\lib\thumb\libc.a(lib_a-memmove.o)
 .text.memmove  0x0800d0c0       0xa4 C:\gnu\ARM\arm-none-eabi\lib\thumb\libc.a(lib_a-memmove.o)
                0x0800d0c0                memmove
 .text          0x0800d164        0x0 C:\gnu\ARM\arm-none-eabi\lib\thumb\libc.a(lib_a-mlock.o)
 .text.__malloc_lock
                0x0800d164        0x4 C:\gnu\ARM\arm-none-eabi\lib\thumb\libc.a(lib_a-mlock.o)
                0x0800d164                __malloc_lock
 .text.__malloc_unlock
                0x0800d168        0x4 C:\gnu\ARM\arm-none-eabi\lib\thumb\libc.a(lib_a-mlock.o)
                0x0800d168                __malloc_unlock
 .text          0x0800d16c        0x0 C:\gnu\ARM\arm-none-eabi\lib\thumb\libc.a(lib_a-mprec.o)
 .text._Balloc  0x0800d16c       0x54 C:\gnu\ARM\arm-none-eabi\lib\thumb\libc.a(lib_a-mprec.o)
                0x0800d16c                _Balloc
 .text._Bfree   0x0800d1c0       0x14 C:\gnu\ARM\arm-none-eabi\lib\thumb\libc.a(lib_a-mprec.o)
                0x0800d1c0                _Bfree
 .text.__multadd
                0x0800d1d4       0x94 C:\gnu\ARM\arm-none-eabi\lib\thumb\libc.a(lib_a-mprec.o)
                0x0800d1d4                __multadd
 .text.__s2b    0x0800d268       0x98 C:\gnu\ARM\arm-none-eabi\lib\thumb\libc.a(lib_a-mprec.o)
                0x0800d268                __s2b
 .text.__hi0bits
                0x0800d300       0x34 C:\gnu\ARM\arm-none-eabi\lib\thumb\libc.a(lib_a-mprec.o)
                0x0800d300                __hi0bits
 .text.__lo0bits
                0x0800d334       0x5c C:\gnu\ARM\arm-none-eabi\lib\thumb\libc.a(lib_a-mprec.o)
                0x0800d334                __lo0bits
 .text.__i2b    0x0800d390       0x18 C:\gnu\ARM\arm-none-eabi\lib\thumb\libc.a(lib_a-mprec.o)
                0x0800d390                __i2b
 .text.__multiply
                0x0800d3a8      0x160 C:\gnu\ARM\arm-none-eabi\lib\thumb\libc.a(lib_a-mprec.o)
                0x0800d3a8                __multiply
 .text.__pow5mult
                0x0800d508       0xc4 C:\gnu\ARM\arm-none-eabi\lib\thumb\libc.a(lib_a-mprec.o)
                0x0800d508                __pow5mult
 .text.__lshift
                0x0800d5cc       0xc4 C:\gnu\ARM\arm-none-eabi\lib\thumb\libc.a(lib_a-mprec.o)
                0x0800d5cc                __lshift
 .text.__mcmp   0x0800d690       0x38 C:\gnu\ARM\arm-none-eabi\lib\thumb\libc.a(lib_a-mprec.o)
                0x0800d690                __mcmp
 .text.__mdiff  0x0800d6c8      0x13c C:\gnu\ARM\arm-none-eabi\lib\thumb\libc.a(lib_a-mprec.o)
                0x0800d6c8                __mdiff
 .text.__ulp    0x0800d804       0x50 C:\gnu\ARM\arm-none-eabi\lib\thumb\libc.a(lib_a-mprec.o)
                0x0800d804                __ulp
 .text.__b2d    0x0800d854       0xdc C:\gnu\ARM\arm-none-eabi\lib\thumb\libc.a(lib_a-mprec.o)
                0x0800d854                __b2d
 .text.__d2b    0x0800d930       0xc0 C:\gnu\ARM\arm-none-eabi\lib\thumb\libc.a(lib_a-mprec.o)
                0x0800d930                __d2b
 .text.__ratio  0x0800d9f0       0x78 C:\gnu\ARM\arm-none-eabi\lib\thumb\libc.a(lib_a-mprec.o)
                0x0800d9f0                __ratio
 .text._mprec_log10
                0x0800da68       0x38 C:\gnu\ARM\arm-none-eabi\lib\thumb\libc.a(lib_a-mprec.o)
                0x0800da68                _mprec_log10
 .text.__copybits
                0x0800daa0       0x44 C:\gnu\ARM\arm-none-eabi\lib\thumb\libc.a(lib_a-mprec.o)
                0x0800daa0                __copybits
 .text.__any_on
                0x0800dae4       0x64 C:\gnu\ARM\arm-none-eabi\lib\thumb\libc.a(lib_a-mprec.o)
                0x0800dae4                __any_on
 .text          0x0800db48        0x0 C:\gnu\ARM\arm-none-eabi\lib\thumb\libc.a(lib_a-reallocr.o)
 .text._realloc_r
                0x0800db48      0x38c C:\gnu\ARM\arm-none-eabi\lib\thumb\libc.a(lib_a-reallocr.o)
                0x0800db48                _realloc_r
 .text          0x0800ded4        0x0 C:\gnu\ARM\arm-none-eabi\lib\thumb\libc.a(lib_a-sbrkr.o)
 .text._sbrk_r  0x0800ded4       0x28 C:\gnu\ARM\arm-none-eabi\lib\thumb\libc.a(lib_a-sbrkr.o)
                0x0800ded4                _sbrk_r
 .text          0x0800defc        0x0 C:\gnu\ARM\arm-none-eabi\lib\thumb\libc.a(lib_a-stdio.o)
 .text.__sread  0x0800defc       0x2c C:\gnu\ARM\arm-none-eabi\lib\thumb\libc.a(lib_a-stdio.o)
                0x0800defc                __sread
 .text.__seofread
                0x0800df28        0x4 C:\gnu\ARM\arm-none-eabi\lib\thumb\libc.a(lib_a-stdio.o)
                0x0800df28                __seofread
 .text.__swrite
                0x0800df2c       0x40 C:\gnu\ARM\arm-none-eabi\lib\thumb\libc.a(lib_a-stdio.o)
                0x0800df2c                __swrite
 .text.__sseek  0x0800df6c       0x30 C:\gnu\ARM\arm-none-eabi\lib\thumb\libc.a(lib_a-stdio.o)
                0x0800df6c                __sseek
 .text.__sclose
                0x0800df9c       0x10 C:\gnu\ARM\arm-none-eabi\lib\thumb\libc.a(lib_a-stdio.o)
                0x0800df9c                __sclose
 .text          0x0800dfac        0x0 C:\gnu\ARM\arm-none-eabi\lib\thumb\libc.a(lib_a-vfiprintf.o)
 .text.__sprint_r.part.0
                0x0800dfac       0x88 C:\gnu\ARM\arm-none-eabi\lib\thumb\libc.a(lib_a-vfiprintf.o)
 .text.__sprint_r
                0x0800e034       0x18 C:\gnu\ARM\arm-none-eabi\lib\thumb\libc.a(lib_a-vfiprintf.o)
                0x0800e034                __sprint_r
 .text._vfiprintf_r
                0x0800e04c      0xbd4 C:\gnu\ARM\arm-none-eabi\lib\thumb\libc.a(lib_a-vfiprintf.o)
                0x0800e04c                _vfiprintf_r
 .text.vfiprintf
                0x0800ec20       0x1c C:\gnu\ARM\arm-none-eabi\lib\thumb\libc.a(lib_a-vfiprintf.o)
                0x0800ec20                vfiprintf
 .text.__sbprintf
                0x0800ec3c       0x78 C:\gnu\ARM\arm-none-eabi\lib\thumb\libc.a(lib_a-vfiprintf.o)
 .text          0x0800ecb4        0x0 C:\gnu\ARM\arm-none-eabi\lib\thumb\libc.a(lib_a-writer.o)
 .text._write_r
                0x0800ecb4       0x2c C:\gnu\ARM\arm-none-eabi\lib\thumb\libc.a(lib_a-writer.o)
                0x0800ecb4                _write_r
 .text          0x0800ece0        0x0 C:\gnu\ARM\arm-none-eabi\lib\thumb\libc.a(lib_a-__atexit.o)
 .text.__register_exitproc
                0x0800ece0       0xd8 C:\gnu\ARM\arm-none-eabi\lib\thumb\libc.a(lib_a-__atexit.o)
                0x0800ece0                __register_exitproc
 .text          0x0800edb8        0x0 C:\gnu\ARM\arm-none-eabi\lib\thumb\libc.a(lib_a-callocr.o)
 .text._calloc_r
                0x0800edb8       0x5c C:\gnu\ARM\arm-none-eabi\lib\thumb\libc.a(lib_a-callocr.o)
                0x0800edb8                _calloc_r
 .text          0x0800ee14        0x0 C:\gnu\ARM\arm-none-eabi\lib\thumb\libc.a(lib_a-closer.o)
 .text._close_r
                0x0800ee14       0x28 C:\gnu\ARM\arm-none-eabi\lib\thumb\libc.a(lib_a-closer.o)
                0x0800ee14                _close_r
 .text          0x0800ee3c        0x0 C:\gnu\ARM\arm-none-eabi\lib\thumb\libc.a(lib_a-fclose.o)
 .text._fclose_r
                0x0800ee3c       0x94 C:\gnu\ARM\arm-none-eabi\lib\thumb\libc.a(lib_a-fclose.o)
                0x0800ee3c                _fclose_r
 .text.fclose   0x0800eed0       0x18 C:\gnu\ARM\arm-none-eabi\lib\thumb\libc.a(lib_a-fclose.o)
                0x0800eed0                fclose
 .text          0x0800eee8        0x0 C:\gnu\ARM\arm-none-eabi\lib\thumb\libc.a(lib_a-fputwc.o)
 .text.__fputwc
                0x0800eee8       0xb0 C:\gnu\ARM\arm-none-eabi\lib\thumb\libc.a(lib_a-fputwc.o)
                0x0800eee8                __fputwc
 .text._fputwc_r
                0x0800ef98       0x24 C:\gnu\ARM\arm-none-eabi\lib\thumb\libc.a(lib_a-fputwc.o)
                0x0800ef98                _fputwc_r
 .text.fputwc   0x0800efbc       0x48 C:\gnu\ARM\arm-none-eabi\lib\thumb\libc.a(lib_a-fputwc.o)
                0x0800efbc                fputwc
 .text          0x0800f004        0x0 C:\gnu\ARM\arm-none-eabi\lib\thumb\libc.a(lib_a-fstatr.o)
 .text._fstat_r
                0x0800f004       0x2c C:\gnu\ARM\arm-none-eabi\lib\thumb\libc.a(lib_a-fstatr.o)
                0x0800f004                _fstat_r
 .text          0x0800f030        0x0 C:\gnu\ARM\arm-none-eabi\lib\thumb\libc.a(lib_a-isattyr.o)
 .text._isatty_r
                0x0800f030       0x28 C:\gnu\ARM\arm-none-eabi\lib\thumb\libc.a(lib_a-isattyr.o)
                0x0800f030                _isatty_r
 .text          0x0800f058        0x0 C:\gnu\ARM\arm-none-eabi\lib\thumb\libc.a(lib_a-locale.o)
 .text._setlocale_r
                0x0800f058       0x48 C:\gnu\ARM\arm-none-eabi\lib\thumb\libc.a(lib_a-locale.o)
                0x0800f058                _setlocale_r
 .text.__locale_mb_cur_max
                0x0800f0a0       0x20 C:\gnu\ARM\arm-none-eabi\lib\thumb\libc.a(lib_a-locale.o)
                0x0800f0a0                __locale_mb_cur_max
 .text.__locale_ctype_ptr_l
                0x0800f0c0        0x8 C:\gnu\ARM\arm-none-eabi\lib\thumb\libc.a(lib_a-locale.o)
                0x0800f0c0                __locale_ctype_ptr_l
 .text.__locale_ctype_ptr
                0x0800f0c8       0x1c C:\gnu\ARM\arm-none-eabi\lib\thumb\libc.a(lib_a-locale.o)
                0x0800f0c8                __locale_ctype_ptr
 .text.setlocale
                0x0800f0e4       0x1c C:\gnu\ARM\arm-none-eabi\lib\thumb\libc.a(lib_a-locale.o)
                0x0800f0e4                setlocale
 .text          0x0800f100        0x0 C:\gnu\ARM\arm-none-eabi\lib\thumb\libc.a(lib_a-lseekr.o)
 .text._lseek_r
                0x0800f100       0x2c C:\gnu\ARM\arm-none-eabi\lib\thumb\libc.a(lib_a-lseekr.o)
                0x0800f100                _lseek_r
 .text          0x0800f12c        0x0 C:\gnu\ARM\arm-none-eabi\lib\thumb\libc.a(lib_a-mbtowc_r.o)
 .text._mbtowc_r
                0x0800f12c       0x34 C:\gnu\ARM\arm-none-eabi\lib\thumb\libc.a(lib_a-mbtowc_r.o)
                0x0800f12c                _mbtowc_r
 .text.__ascii_mbtowc
                0x0800f160       0x2c C:\gnu\ARM\arm-none-eabi\lib\thumb\libc.a(lib_a-mbtowc_r.o)
                0x0800f160                __ascii_mbtowc
 .text          0x0800f18c        0x0 C:\gnu\ARM\arm-none-eabi\lib\thumb\libc.a(lib_a-readr.o)
 .text._read_r  0x0800f18c       0x2c C:\gnu\ARM\arm-none-eabi\lib\thumb\libc.a(lib_a-readr.o)
                0x0800f18c                _read_r
 .text          0x0800f1b8        0x0 C:\gnu\ARM\arm-none-eabi\lib\thumb\libc.a(lib_a-reent.o)
 .text.cleanup_glue
                0x0800f1b8       0x20 C:\gnu\ARM\arm-none-eabi\lib\thumb\libc.a(lib_a-reent.o)
                0x0800f1b8                cleanup_glue
 .text._reclaim_reent
                0x0800f1d8       0xa0 C:\gnu\ARM\arm-none-eabi\lib\thumb\libc.a(lib_a-reent.o)
                0x0800f1d8                _reclaim_reent
 .text          0x0800f278      0x224 C:\gnu\ARM\arm-none-eabi\lib\thumb\libc.a(lib_a-strcmp.o)
                0x0800f278                strcmp
 .text          0x0800f49c        0x0 C:\gnu\ARM\arm-none-eabi\lib\thumb\libc.a(lib_a-wbuf.o)
 .text.__swbuf_r
                0x0800f49c       0xc4 C:\gnu\ARM\arm-none-eabi\lib\thumb\libc.a(lib_a-wbuf.o)
                0x0800f49c                __swbuf_r
 .text.__swbuf  0x0800f560       0x1c C:\gnu\ARM\arm-none-eabi\lib\thumb\libc.a(lib_a-wbuf.o)
                0x0800f560                __swbuf
 .text          0x0800f57c        0x0 C:\gnu\ARM\arm-none-eabi\lib\thumb\libc.a(lib_a-wcrtomb.o)
 .text._wcrtomb_r
                0x0800f57c       0x60 C:\gnu\ARM\arm-none-eabi\lib\thumb\libc.a(lib_a-wcrtomb.o)
                0x0800f57c                _wcrtomb_r
 .text.wcrtomb  0x0800f5dc       0x64 C:\gnu\ARM\arm-none-eabi\lib\thumb\libc.a(lib_a-wcrtomb.o)
                0x0800f5dc                wcrtomb
 .text          0x0800f640        0x0 C:\gnu\ARM\arm-none-eabi\lib\thumb\libc.a(lib_a-wctomb_r.o)
 .text._wctomb_r
                0x0800f640       0x2c C:\gnu\ARM\arm-none-eabi\lib\thumb\libc.a(lib_a-wctomb_r.o)
                0x0800f640                _wctomb_r
 .text.__ascii_wctomb
                0x0800f66c       0x1c C:\gnu\ARM\arm-none-eabi\lib\thumb\libc.a(lib_a-wctomb_r.o)
                0x0800f66c                __ascii_wctomb
 .text          0x0800f688        0x0 C:\gnu\ARM\arm-none-eabi\lib\thumb\libc.a(lib_a-ctype_.o)
 .text          0x0800f688        0x0 C:\gnu\ARM\arm-none-eabi\lib\thumb\libnosys.a(close.o)
 .text._close   0x0800f688       0x10 C:\gnu\ARM\arm-none-eabi\lib\thumb\libnosys.a(close.o)
                0x0800f688                _close
 .text          0x0800f698        0x0 C:\gnu\ARM\arm-none-eabi\lib\thumb\libnosys.a(fstat.o)
 .text._fstat   0x0800f698       0x10 C:\gnu\ARM\arm-none-eabi\lib\thumb\libnosys.a(fstat.o)
                0x0800f698                _fstat
 .text          0x0800f6a8        0x0 C:\gnu\ARM\arm-none-eabi\lib\thumb\libnosys.a(isatty.o)
 .text._isatty  0x0800f6a8       0x10 C:\gnu\ARM\arm-none-eabi\lib\thumb\libnosys.a(isatty.o)
                0x0800f6a8                _isatty
 .text          0x0800f6b8        0x0 C:\gnu\ARM\arm-none-eabi\lib\thumb\libnosys.a(lseek.o)
 .text._lseek   0x0800f6b8       0x10 C:\gnu\ARM\arm-none-eabi\lib\thumb\libnosys.a(lseek.o)
                0x0800f6b8                _lseek
 .text          0x0800f6c8        0x0 C:\gnu\ARM\arm-none-eabi\lib\thumb\libnosys.a(read.o)
 .text._read    0x0800f6c8       0x10 C:\gnu\ARM\arm-none-eabi\lib\thumb\libnosys.a(read.o)
                0x0800f6c8                _read
 .text          0x0800f6d8        0x0 C:\gnu\ARM\arm-none-eabi\lib\thumb\libnosys.a(sbrk.o)
 .text._sbrk    0x0800f6d8       0x1c C:\gnu\ARM\arm-none-eabi\lib\thumb\libnosys.a(sbrk.o)
                0x0800f6d8                _sbrk
 .text          0x0800f6f4        0x0 C:\gnu\ARM\arm-none-eabi\lib\thumb\libnosys.a(write.o)
 .text._write   0x0800f6f4       0x10 C:\gnu\ARM\arm-none-eabi\lib\thumb\libnosys.a(write.o)
                0x0800f6f4                _write
 .text          0x0800f704       0x24 c:/gnu/arm/bin/../lib/gcc/arm-none-eabi/6.2.1/thumb/v7e-m\libgcc.a(_udivsi3.o)
                0x0800f704                __aeabi_uidiv
                0x0800f704                __udivsi3
                0x0800f718                __aeabi_uidivmod
 .text          0x0800f728       0x2c c:/gnu/arm/bin/../lib/gcc/arm-none-eabi/6.2.1/thumb/v7e-m\libgcc.a(_divsi3.o)
                0x0800f728                __divsi3
                0x0800f728                __aeabi_idiv
                0x0800f744                __aeabi_idivmod
 .text          0x0800f754        0x4 c:/gnu/arm/bin/../lib/gcc/arm-none-eabi/6.2.1/thumb/v7e-m\libgcc.a(_dvmd_tls.o)
                0x0800f754                __aeabi_idiv0
                0x0800f754                __aeabi_ldiv0
 .text          0x0800f758      0x370 c:/gnu/arm/bin/../lib/gcc/arm-none-eabi/6.2.1/thumb/v7e-m\libgcc.a(_arm_addsubdf3.o)
                0x0800f758                __aeabi_drsub
                0x0800f760                __aeabi_dsub
                0x0800f760                __subdf3
                0x0800f764                __aeabi_dadd
                0x0800f764                __adddf3
                0x0800f9dc                __floatunsidf
                0x0800f9dc                __aeabi_ui2d
                0x0800f9fc                __floatsidf
                0x0800f9fc                __aeabi_i2d
                0x0800fa20                __aeabi_f2d
                0x0800fa20                __extendsfdf2
                0x0800fa5c                __floatundidf
                0x0800fa5c                __aeabi_ul2d
                0x0800fa6c                __floatdidf
                0x0800fa6c                __aeabi_l2d
 .text          0x0800fac8      0x424 c:/gnu/arm/bin/../lib/gcc/arm-none-eabi/6.2.1/thumb/v7e-m\libgcc.a(_arm_muldivdf3.o)
                0x0800fac8                __aeabi_dmul
                0x0800fac8                __muldf3
                0x0800fd1c                __divdf3
                0x0800fd1c                __aeabi_ddiv
 .text          0x0800feec      0x110 c:/gnu/arm/bin/../lib/gcc/arm-none-eabi/6.2.1/thumb/v7e-m\libgcc.a(_arm_cmpdf2.o)
                0x0800feec                __gtdf2
                0x0800feec                __gedf2
                0x0800fef4                __ltdf2
                0x0800fef4                __ledf2
                0x0800fefc                __nedf2
                0x0800fefc                __eqdf2
                0x0800fefc                __cmpdf2
                0x0800ff78                __aeabi_cdrcmple
                0x0800ff88                __aeabi_cdcmpeq
                0x0800ff88                __aeabi_cdcmple
                0x0800ff98                __aeabi_dcmpeq
                0x0800ffac                __aeabi_dcmplt
                0x0800ffc0                __aeabi_dcmple
                0x0800ffd4                __aeabi_dcmpge
                0x0800ffe8                __aeabi_dcmpgt
 .text          0x0800fffc       0x2c c:/gnu/arm/bin/../lib/gcc/arm-none-eabi/6.2.1/thumb/v7e-m\libgcc.a(_arm_unorddf2.o)
                0x0800fffc                __unorddf2
                0x0800fffc                __aeabi_dcmpun
 .text          0x08010028       0x50 c:/gnu/arm/bin/../lib/gcc/arm-none-eabi/6.2.1/thumb/v7e-m\libgcc.a(_arm_fixdfsi.o)
                0x08010028                __aeabi_d2iz
                0x08010028                __fixdfsi
 .text          0x08010078       0x30 c:/gnu/arm/bin/../lib/gcc/arm-none-eabi/6.2.1/thumb/v7e-m\libgcc.a(_aeabi_uldivmod.o)
                0x08010078                __aeabi_uldivmod
 .text          0x080100a8      0x2dc c:/gnu/arm/bin/../lib/gcc/arm-none-eabi/6.2.1/thumb/v7e-m\libgcc.a(_udivmoddi4.o)
                0x080100a8                __udivmoddi4
 .text          0x08010384        0x0 c:/gnu/arm/bin/../lib/gcc/arm-none-eabi/6.2.1/thumb/v7e-m/crtend.o
 .text          0x08010384        0x0 c:/gnu/arm/bin/../lib/gcc/arm-none-eabi/6.2.1/thumb/v7e-m/crtn.o
 *(.init)
 .init          0x08010384        0x4 c:/gnu/arm/bin/../lib/gcc/arm-none-eabi/6.2.1/thumb/v7e-m/crti.o
                0x08010384                _init
 .init          0x08010388        0x8 c:/gnu/arm/bin/../lib/gcc/arm-none-eabi/6.2.1/thumb/v7e-m/crtn.o
 *(.fini)
 .fini          0x08010390        0x4 c:/gnu/arm/bin/../lib/gcc/arm-none-eabi/6.2.1/thumb/v7e-m/crti.o
                0x08010390                _fini
 .fini          0x08010394        0x8 c:/gnu/arm/bin/../lib/gcc/arm-none-eabi/6.2.1/thumb/v7e-m/crtn.o
 *crtbegin.o(.ctors)
 *crtbegin.o(.ctors)
 *crtbegin?.o(.ctors)
 *(EXCLUDE_FILE(*crtend.o *crtend?.o) .ctors)
 *(SORT(.ctors.*))
 *(.ctors)
 *crtbegin.o(.dtors)
 *crtbegin?.o(.dtors)
 *(EXCLUDE_FILE(*crtend.o *crtend?.o) .dtors)
 *(SORT(.dtors.*))
 *(.dtors)
 *(.rodata*)
 .rodata        0x0801039c       0x28 obj/eecfg.o
                0x0801039c                EE_hal_thread_body
                0x080103a4                EE_th_ready_prio
                0x080103ac                EE_th_dispatch_prio
                0x080103b4                EE_alarm_ROM
 .rodata        0x080103c4        0xf obj/ff.o
 *fill*         0x080103d3        0x1 
 .rodata        0x080103d4      0x3e8 obj/main.o
 .rodata        0x080107bc       0x48 libstm32f4discovery.a(stm32f4_discovery.o)
                0x080107bc                GPIO_PIN
                0x080107c4                GPIO_CLK
                0x080107d4                COM_USART_CLK
                0x080107dc                COM_TX_PORT_CLK
                0x080107e4                COM_RX_PORT_CLK
                0x080107ec                COM_TX_PIN
                0x080107f0                COM_RX_PIN
                0x080107f4                COM_TX_PIN_SOURCE
                0x080107f8                COM_RX_PIN_SOURCE
                0x080107fc                COM_TX_AF
                0x08010800                COM_RX_AF
 .rodata._global_impure_ptr
                0x08010804        0x4 C:\gnu\ARM\arm-none-eabi\lib\thumb\libc.a(lib_a-impure.o)
                0x08010804                _global_impure_ptr
 .rodata._puts_r.str1.4
                0x08010808        0x2 C:\gnu\ARM\arm-none-eabi\lib\thumb\libc.a(lib_a-puts.o)
 *fill*         0x0801080a        0x2 
 .rodata._vfprintf_r
                0x0801080c      0x164 C:\gnu\ARM\arm-none-eabi\lib\thumb\libc.a(lib_a-vfprintf.o)
 .rodata._vfprintf_r.str1.4
                0x08010970       0x42 C:\gnu\ARM\arm-none-eabi\lib\thumb\libc.a(lib_a-vfprintf.o)
 *fill*         0x080109b2        0x2 
 .rodata.blanks.7223
                0x080109b4       0x10 C:\gnu\ARM\arm-none-eabi\lib\thumb\libc.a(lib_a-vfprintf.o)
 .rodata.zeroes.7224
                0x080109c4       0x10 C:\gnu\ARM\arm-none-eabi\lib\thumb\libc.a(lib_a-vfprintf.o)
 .rodata._dtoa_r.str1.4
                0x080109d4       0x10 C:\gnu\ARM\arm-none-eabi\lib\thumb\libc.a(lib_a-dtoa.o)
                                 0x12 (size before relaxing)
 *fill*         0x080109e4        0x4 
 .rodata.__mprec_bigtens
                0x080109e8       0x28 C:\gnu\ARM\arm-none-eabi\lib\thumb\libc.a(lib_a-mprec.o)
                0x080109e8                __mprec_bigtens
 .rodata.__mprec_tens
                0x08010a10       0xc8 C:\gnu\ARM\arm-none-eabi\lib\thumb\libc.a(lib_a-mprec.o)
                0x08010a10                __mprec_tens
 .rodata.__mprec_tinytens
                0x08010ad8       0x28 C:\gnu\ARM\arm-none-eabi\lib\thumb\libc.a(lib_a-mprec.o)
                0x08010ad8                __mprec_tinytens
 .rodata.p05.6040
                0x08010b00        0xc C:\gnu\ARM\arm-none-eabi\lib\thumb\libc.a(lib_a-mprec.o)
 .rodata._vfiprintf_r
                0x08010b0c      0x164 C:\gnu\ARM\arm-none-eabi\lib\thumb\libc.a(lib_a-vfiprintf.o)
 .rodata._vfiprintf_r.str1.4
                0x08010c70       0x2f C:\gnu\ARM\arm-none-eabi\lib\thumb\libc.a(lib_a-vfiprintf.o)
 .rodata.blanks.7202
                0x08010c70       0x10 C:\gnu\ARM\arm-none-eabi\lib\thumb\libc.a(lib_a-vfiprintf.o)
 .rodata.zeroes.7203
                0x08010c80       0x10 C:\gnu\ARM\arm-none-eabi\lib\thumb\libc.a(lib_a-vfiprintf.o)
 .rodata._setlocale_r.str1.4
                0x08010c90        0xa C:\gnu\ARM\arm-none-eabi\lib\thumb\libc.a(lib_a-locale.o)
                                  0xd (size before relaxing)
 *fill*         0x08010c9a        0x2 
 .rodata.str1.4
                0x08010c9c        0x4 C:\gnu\ARM\arm-none-eabi\lib\thumb\libc.a(lib_a-locale.o)
                                  0x2 (size before relaxing)
 .rodata._ctype_
                0x08010ca0      0x101 C:\gnu\ARM\arm-none-eabi\lib\thumb\libc.a(lib_a-ctype_.o)
                0x08010ca0                _ctype_
 *(.eh_frame*)
 *fill*         0x08010da1        0x3 
 .eh_frame      0x08010da4        0x0 c:/gnu/arm/bin/../lib/gcc/arm-none-eabi/6.2.1/thumb/v7e-m/crtbegin.o
 .eh_frame      0x08010da4        0x4 c:/gnu/arm/bin/../lib/gcc/arm-none-eabi/6.2.1/thumb/v7e-m/crtend.o

.glue_7         0x08010da8        0x0
 .glue_7        0x08010da8        0x0 linker stubs

.glue_7t        0x08010da8        0x0
 .glue_7t       0x08010da8        0x0 linker stubs

.vfp11_veneer   0x08010da8        0x0
 .vfp11_veneer  0x08010da8        0x0 linker stubs

.v4_bx          0x08010da8        0x0
 .v4_bx         0x08010da8        0x0 linker stubs

.iplt           0x08010da8        0x0
 .iplt          0x08010da8        0x0 c:/gnu/arm/bin/../lib/gcc/arm-none-eabi/6.2.1/thumb/v7e-m/crtbegin.o

.ARM.extab      0x08010da8        0x0
 *(.ARM.extab* .gnu.linkonce.armextab.*)
 .ARM.extab     0x08010da8        0x0 c:/gnu/arm/bin/../lib/gcc/arm-none-eabi/6.2.1/../../../../arm-none-eabi/lib/thumb/v7e-m/crt0.o
 .ARM.extab     0x08010da8        0x0 c:/gnu/arm/bin/../lib/gcc/arm-none-eabi/6.2.1/thumb/v7e-m\libgcc.a(_udivmoddi4.o)
                0x08010da8                __exidx_start = .

.ARM.exidx      0x08010da8        0x8
 *(.ARM.exidx* .gnu.linkonce.armexidx.*)
 .ARM.exidx     0x08010da8        0x8 c:/gnu/arm/bin/../lib/gcc/arm-none-eabi/6.2.1/../../../../arm-none-eabi/lib/thumb/v7e-m/crt0.o
 .ARM.exidx     0x08010db0        0x0 c:/gnu/arm/bin/../lib/gcc/arm-none-eabi/6.2.1/thumb/v7e-m\libgcc.a(_udivmoddi4.o)
                                  0x8 (size before relaxing)
                0x08010db0                __exidx_end = .
                0x08010db0                __etext = .

.rel.dyn        0x08010db0        0x0
 .rel.iplt      0x08010db0        0x0 c:/gnu/arm/bin/../lib/gcc/arm-none-eabi/6.2.1/thumb/v7e-m/crtbegin.o

.data           0x20000000      0xa24 load address 0x08010db0
                0x20000000                __data_start__ = .
 *(vtable)
 *(.data*)
 .data          0x20000000        0x0 c:/gnu/arm/bin/../lib/gcc/arm-none-eabi/6.2.1/thumb/v7e-m/crti.o
 .data          0x20000000        0x4 c:/gnu/arm/bin/../lib/gcc/arm-none-eabi/6.2.1/thumb/v7e-m/crtbegin.o
                0x20000000                __dso_handle
 .data          0x20000004        0x0 c:/gnu/arm/bin/../lib/gcc/arm-none-eabi/6.2.1/../../../../arm-none-eabi/lib/thumb/v7e-m/crt0.o
 .data          0x20000004        0x0 obj/diskio.o
 .data          0x20000004       0x18 obj/eecfg.o
                0x20000004                EE_th_next
                0x2000000c                EE_stkfirst
                0x20000010                EE_rqfirst
                0x20000014                EE_counter_RAM
 .data          0x2000001c        0x0 obj/ff.o
 .data          0x2000001c        0x0 obj/main.o
 .data          0x2000001c        0x0 obj/pkg/mcu/st_stm32_stm32f4xx/src/startup_stm32f4xx_gnu.o
 .data          0x2000001c       0x14 obj/pkg/mcu/st_stm32_stm32f4xx/src/system_stm32f4xx.o
                0x2000001c                SystemCoreClock
                0x20000020                AHBPrescTable
 .data          0x20000030        0x0 libee.a(ee_hal_structs.o)
 .data          0x20000030        0x0 libee.a(ee_utils.o)
 .data          0x20000030        0x0 libee.a(ee_gnu_change_context_isr.o)
 .data          0x20000030        0x0 libee.a(ee_altick.o)
 .data          0x20000030        0x0 libee.a(ee_alsetrel.o)
 .data          0x20000030        0x0 libee.a(ee_irqsc.o)
 .data          0x20000030        0x0 libee.a(ee_rqexchg.o)
 .data          0x20000030        0x0 libee.a(ee_rqinsert.o)
 .data          0x20000030        0x0 libee.a(ee_thact.o)
 .data          0x20000030        0x0 libee.a(ee_context.o)
 .data          0x20000030        0x0 libee.a(ee_context.o)
 .data          0x20000030        0x0 libee.a(ee_thendin.o)
 .data          0x20000030       0x28 libstm32f4discovery.a(stm32f4_discovery.o)
                0x20000030                GPIO_PORT
                0x20000040                COM_USART
                0x20000048                COM_TX_PORT
                0x20000050                COM_RX_PORT
 .data          0x20000058        0x0 libstm32f4discovery.a(stm32f4_discovery_sdio_sd.o)
 .data          0x20000058        0x0 libstm32f4xxspd.a(stm32f4xx_dma.o)
 .data          0x20000058        0x0 libstm32f4xxspd.a(stm32f4xx_gpio.o)
 .data          0x20000058       0x10 libstm32f4xxspd.a(stm32f4xx_rcc.o)
 .data          0x20000068        0x0 libstm32f4xxspd.a(stm32f4xx_sdio.o)
 .data          0x20000068        0x0 libstm32f4xxspd.a(stm32f4xx_usart.o)
 .data          0x20000068        0x0 libstm32f4xxspd.a(misc.o)
 .data          0x20000068        0x0 C:\gnu\ARM\arm-none-eabi\lib\thumb\libc.a(lib_a-exit.o)
 .data          0x20000068        0x0 C:\gnu\ARM\arm-none-eabi\lib\thumb\libc.a(lib_a-impure.o)
 .data._impure_ptr
                0x20000068        0x4 C:\gnu\ARM\arm-none-eabi\lib\thumb\libc.a(lib_a-impure.o)
                0x20000068                _impure_ptr
 *fill*         0x2000006c        0x4 
 .data.impure_data
                0x20000070      0x428 C:\gnu\ARM\arm-none-eabi\lib\thumb\libc.a(lib_a-impure.o)
 .data          0x20000498        0x0 C:\gnu\ARM\arm-none-eabi\lib\thumb\libc.a(lib_a-init.o)
 .data          0x20000498        0x0 C:\gnu\ARM\arm-none-eabi\lib\thumb\libc.a(lib_a-memset.o)
 .data          0x20000498        0x0 C:\gnu\ARM\arm-none-eabi\lib\thumb\libc.a(lib_a-printf.o)
 .data          0x20000498        0x0 C:\gnu\ARM\arm-none-eabi\lib\thumb\libc.a(lib_a-puts.o)
 .data          0x20000498        0x0 C:\gnu\ARM\arm-none-eabi\lib\thumb\libc.a(lib_a-strlen-stub.o)
 .data          0x20000498        0x0 C:\gnu\ARM\arm-none-eabi\lib\thumb\libc.a(lib_a-vfprintf.o)
 .data          0x20000498        0x0 C:\gnu\ARM\arm-none-eabi\lib\thumb\libc.a(lib_a-wsetup.o)
 .data          0x20000498        0x0 C:\gnu\ARM\arm-none-eabi\lib\thumb\libc.a(lib_a-__call_atexit.o)
 .data          0x20000498        0x0 C:\gnu\ARM\arm-none-eabi\lib\thumb\libc.a(lib_a-atexit.o)
 .data          0x20000498        0x0 C:\gnu\ARM\arm-none-eabi\lib\thumb\libc.a(lib_a-dtoa.o)
 .data          0x20000498        0x0 C:\gnu\ARM\arm-none-eabi\lib\thumb\libc.a(lib_a-fflush.o)
 .data          0x20000498        0x0 C:\gnu\ARM\arm-none-eabi\lib\thumb\libc.a(lib_a-findfp.o)
 .data          0x20000498        0x0 C:\gnu\ARM\arm-none-eabi\lib\thumb\libc.a(lib_a-fini.o)
 .data          0x20000498        0x0 C:\gnu\ARM\arm-none-eabi\lib\thumb\libc.a(lib_a-freer.o)
 .data          0x20000498        0x0 C:\gnu\ARM\arm-none-eabi\lib\thumb\libc.a(lib_a-fvwrite.o)
 .data          0x20000498        0x0 C:\gnu\ARM\arm-none-eabi\lib\thumb\libc.a(lib_a-fwalk.o)
 .data          0x20000498        0x0 C:\gnu\ARM\arm-none-eabi\lib\thumb\libc.a(lib_a-localeconv.o)
 .data          0x20000498        0x0 C:\gnu\ARM\arm-none-eabi\lib\thumb\libc.a(lib_a-makebuf.o)
 .data          0x20000498        0x0 C:\gnu\ARM\arm-none-eabi\lib\thumb\libc.a(lib_a-mallocr.o)
 .data.__malloc_av_
                0x20000498      0x408 C:\gnu\ARM\arm-none-eabi\lib\thumb\libc.a(lib_a-mallocr.o)
                0x20000498                __malloc_av_
 .data.__malloc_sbrk_base
                0x200008a0        0x4 C:\gnu\ARM\arm-none-eabi\lib\thumb\libc.a(lib_a-mallocr.o)
                0x200008a0                __malloc_sbrk_base
 .data.__malloc_trim_threshold
                0x200008a4        0x4 C:\gnu\ARM\arm-none-eabi\lib\thumb\libc.a(lib_a-mallocr.o)
                0x200008a4                __malloc_trim_threshold
 .data          0x200008a8        0x0 C:\gnu\ARM\arm-none-eabi\lib\thumb\libc.a(lib_a-memchr-stub.o)
 .data          0x200008a8        0x0 C:\gnu\ARM\arm-none-eabi\lib\thumb\libc.a(lib_a-memcpy-stub.o)
 .data          0x200008a8        0x0 C:\gnu\ARM\arm-none-eabi\lib\thumb\libc.a(lib_a-memmove.o)
 .data          0x200008a8        0x0 C:\gnu\ARM\arm-none-eabi\lib\thumb\libc.a(lib_a-mlock.o)
 .data          0x200008a8        0x0 C:\gnu\ARM\arm-none-eabi\lib\thumb\libc.a(lib_a-mprec.o)
 .data          0x200008a8        0x0 C:\gnu\ARM\arm-none-eabi\lib\thumb\libc.a(lib_a-reallocr.o)
 .data          0x200008a8        0x0 C:\gnu\ARM\arm-none-eabi\lib\thumb\libc.a(lib_a-sbrkr.o)
 .data          0x200008a8        0x0 C:\gnu\ARM\arm-none-eabi\lib\thumb\libc.a(lib_a-stdio.o)
 .data          0x200008a8        0x0 C:\gnu\ARM\arm-none-eabi\lib\thumb\libc.a(lib_a-vfiprintf.o)
 .data          0x200008a8        0x0 C:\gnu\ARM\arm-none-eabi\lib\thumb\libc.a(lib_a-writer.o)
 .data          0x200008a8        0x0 C:\gnu\ARM\arm-none-eabi\lib\thumb\libc.a(lib_a-__atexit.o)
 .data          0x200008a8        0x0 C:\gnu\ARM\arm-none-eabi\lib\thumb\libc.a(lib_a-callocr.o)
 .data          0x200008a8        0x0 C:\gnu\ARM\arm-none-eabi\lib\thumb\libc.a(lib_a-closer.o)
 .data          0x200008a8        0x0 C:\gnu\ARM\arm-none-eabi\lib\thumb\libc.a(lib_a-fclose.o)
 .data          0x200008a8        0x0 C:\gnu\ARM\arm-none-eabi\lib\thumb\libc.a(lib_a-fputwc.o)
 .data          0x200008a8        0x0 C:\gnu\ARM\arm-none-eabi\lib\thumb\libc.a(lib_a-fstatr.o)
 .data          0x200008a8        0x0 C:\gnu\ARM\arm-none-eabi\lib\thumb\libc.a(lib_a-isattyr.o)
 .data          0x200008a8        0x0 C:\gnu\ARM\arm-none-eabi\lib\thumb\libc.a(lib_a-locale.o)
 .data.__global_locale
                0x200008a8      0x16c C:\gnu\ARM\arm-none-eabi\lib\thumb\libc.a(lib_a-locale.o)
                0x200008a8                __global_locale
 .data          0x20000a14        0x0 C:\gnu\ARM\arm-none-eabi\lib\thumb\libc.a(lib_a-lseekr.o)
 .data          0x20000a14        0x0 C:\gnu\ARM\arm-none-eabi\lib\thumb\libc.a(lib_a-mbtowc_r.o)
 .data          0x20000a14        0x0 C:\gnu\ARM\arm-none-eabi\lib\thumb\libc.a(lib_a-readr.o)
 .data          0x20000a14        0x0 C:\gnu\ARM\arm-none-eabi\lib\thumb\libc.a(lib_a-reent.o)
 .data          0x20000a14        0x0 C:\gnu\ARM\arm-none-eabi\lib\thumb\libc.a(lib_a-strcmp.o)
 .data          0x20000a14        0x0 C:\gnu\ARM\arm-none-eabi\lib\thumb\libc.a(lib_a-wbuf.o)
 .data          0x20000a14        0x0 C:\gnu\ARM\arm-none-eabi\lib\thumb\libc.a(lib_a-wcrtomb.o)
 .data          0x20000a14        0x0 C:\gnu\ARM\arm-none-eabi\lib\thumb\libc.a(lib_a-wctomb_r.o)
 .data          0x20000a14        0x0 C:\gnu\ARM\arm-none-eabi\lib\thumb\libc.a(lib_a-ctype_.o)
 .data          0x20000a14        0x0 C:\gnu\ARM\arm-none-eabi\lib\thumb\libnosys.a(close.o)
 .data          0x20000a14        0x0 C:\gnu\ARM\arm-none-eabi\lib\thumb\libnosys.a(fstat.o)
 .data          0x20000a14        0x0 C:\gnu\ARM\arm-none-eabi\lib\thumb\libnosys.a(isatty.o)
 .data          0x20000a14        0x0 C:\gnu\ARM\arm-none-eabi\lib\thumb\libnosys.a(lseek.o)
 .data          0x20000a14        0x0 C:\gnu\ARM\arm-none-eabi\lib\thumb\libnosys.a(read.o)
 .data          0x20000a14        0x0 C:\gnu\ARM\arm-none-eabi\lib\thumb\libnosys.a(sbrk.o)
 .data          0x20000a14        0x0 C:\gnu\ARM\arm-none-eabi\lib\thumb\libnosys.a(write.o)
 .data          0x20000a14        0x0 c:/gnu/arm/bin/../lib/gcc/arm-none-eabi/6.2.1/thumb/v7e-m\libgcc.a(_udivsi3.o)
 .data          0x20000a14        0x0 c:/gnu/arm/bin/../lib/gcc/arm-none-eabi/6.2.1/thumb/v7e-m\libgcc.a(_divsi3.o)
 .data          0x20000a14        0x0 c:/gnu/arm/bin/../lib/gcc/arm-none-eabi/6.2.1/thumb/v7e-m\libgcc.a(_dvmd_tls.o)
 .data          0x20000a14        0x0 c:/gnu/arm/bin/../lib/gcc/arm-none-eabi/6.2.1/thumb/v7e-m\libgcc.a(_arm_addsubdf3.o)
 .data          0x20000a14        0x0 c:/gnu/arm/bin/../lib/gcc/arm-none-eabi/6.2.1/thumb/v7e-m\libgcc.a(_arm_muldivdf3.o)
 .data          0x20000a14        0x0 c:/gnu/arm/bin/../lib/gcc/arm-none-eabi/6.2.1/thumb/v7e-m\libgcc.a(_arm_cmpdf2.o)
 .data          0x20000a14        0x0 c:/gnu/arm/bin/../lib/gcc/arm-none-eabi/6.2.1/thumb/v7e-m\libgcc.a(_arm_unorddf2.o)
 .data          0x20000a14        0x0 c:/gnu/arm/bin/../lib/gcc/arm-none-eabi/6.2.1/thumb/v7e-m\libgcc.a(_arm_fixdfsi.o)
 .data          0x20000a14        0x0 c:/gnu/arm/bin/../lib/gcc/arm-none-eabi/6.2.1/thumb/v7e-m\libgcc.a(_aeabi_uldivmod.o)
 .data          0x20000a14        0x0 c:/gnu/arm/bin/../lib/gcc/arm-none-eabi/6.2.1/thumb/v7e-m\libgcc.a(_udivmoddi4.o)
 .data          0x20000a14        0x0 c:/gnu/arm/bin/../lib/gcc/arm-none-eabi/6.2.1/thumb/v7e-m/crtend.o
 .data          0x20000a14        0x0 c:/gnu/arm/bin/../lib/gcc/arm-none-eabi/6.2.1/thumb/v7e-m/crtn.o
                0x20000a14                . = ALIGN (0x4)
                0x20000a14                PROVIDE (__preinit_array_start, .)
 *(.preinit_array)
                0x20000a14                PROVIDE (__preinit_array_end, .)
                0x20000a14                . = ALIGN (0x4)
                0x20000a14                PROVIDE (__init_array_start, .)
 *(SORT(.init_array.*))
 .init_array.00000
                0x20000a14        0x4 C:\gnu\ARM\arm-none-eabi\lib\thumb\libc.a(lib_a-__call_atexit.o)
 *(.init_array)
 .init_array    0x20000a18        0x4 c:/gnu/arm/bin/../lib/gcc/arm-none-eabi/6.2.1/thumb/v7e-m/crtbegin.o
                0x20000a1c                PROVIDE (__init_array_end, .)
                0x20000a1c                . = ALIGN (0x4)
                0x20000a1c                PROVIDE (__fini_array_start, .)
 *(SORT(.fini_array.*))
 *(.fini_array)
 .fini_array    0x20000a1c        0x4 c:/gnu/arm/bin/../lib/gcc/arm-none-eabi/6.2.1/thumb/v7e-m/crtbegin.o
                0x20000a20                PROVIDE (__fini_array_end, .)
 *(.jcr*)
 .jcr           0x20000a20        0x0 c:/gnu/arm/bin/../lib/gcc/arm-none-eabi/6.2.1/thumb/v7e-m/crtbegin.o
 .jcr           0x20000a20        0x4 c:/gnu/arm/bin/../lib/gcc/arm-none-eabi/6.2.1/thumb/v7e-m/crtend.o
                0x20000a24                . = ALIGN (0x4)
                0x20000a24                __data_end__ = .

.igot.plt       0x20000a24        0x0 load address 0x080117d4
 .igot.plt      0x20000a24        0x0 c:/gnu/arm/bin/../lib/gcc/arm-none-eabi/6.2.1/thumb/v7e-m/crtbegin.o

.bss            0x20000a24      0x674 load address 0x080117d4
                0x20000a24                . = ALIGN (0x4)
                0x20000a24                __bss_start__ = .
 *(.bss*)
 .bss           0x20000a24        0x0 c:/gnu/arm/bin/../lib/gcc/arm-none-eabi/6.2.1/thumb/v7e-m/crti.o
 .bss           0x20000a24       0x1c c:/gnu/arm/bin/../lib/gcc/arm-none-eabi/6.2.1/thumb/v7e-m/crtbegin.o
 .bss           0x20000a40        0x0 c:/gnu/arm/bin/../lib/gcc/arm-none-eabi/6.2.1/../../../../arm-none-eabi/lib/thumb/v7e-m/crt0.o
 .bss           0x20000a40        0x0 obj/diskio.o
 .bss           0x20000a40        0x4 obj/eecfg.o
                0x20000a40                EE_sys_ceiling
 .bss           0x20000a44        0x6 obj/ff.o
 .bss           0x20000a4a        0x2 obj/main.o
                0x20000a4a                Status
                0x20000a4b                test_ok
 .bss           0x20000a4c        0x0 obj/pkg/mcu/st_stm32_stm32f4xx/src/startup_stm32f4xx_gnu.o
 .bss           0x20000a4c        0x0 obj/pkg/mcu/st_stm32_stm32f4xx/src/system_stm32f4xx.o
 .bss           0x20000a4c        0x0 libee.a(ee_hal_structs.o)
 .bss           0x20000a4c        0x0 libee.a(ee_utils.o)
 .bss           0x20000a4c        0x0 libee.a(ee_gnu_change_context_isr.o)
 .bss           0x20000a4c        0x0 libee.a(ee_altick.o)
 .bss           0x20000a4c        0x0 libee.a(ee_alsetrel.o)
 .bss           0x20000a4c        0x0 libee.a(ee_irqsc.o)
 .bss           0x20000a4c        0x0 libee.a(ee_rqexchg.o)
 .bss           0x20000a4c        0x0 libee.a(ee_rqinsert.o)
 .bss           0x20000a4c        0x0 libee.a(ee_thact.o)
 .bss           0x20000a4c        0x0 libee.a(ee_context.o)
 .bss           0x20000a4c        0x0 libee.a(ee_context.o)
 .bss           0x20000a4c        0x0 libee.a(ee_thendin.o)
 .bss           0x20000a4c        0x0 libstm32f4discovery.a(stm32f4_discovery.o)
 .bss           0x20000a4c       0x48 libstm32f4discovery.a(stm32f4_discovery_sdio_sd.o)
                0x20000a84                StopCondition
                0x20000a88                TransferError
                0x20000a8c                TransferEnd
                0x20000a90                DMAEndOfTransfer
 .bss           0x20000a94        0x0 libstm32f4xxspd.a(stm32f4xx_dma.o)
 .bss           0x20000a94        0x0 libstm32f4xxspd.a(stm32f4xx_gpio.o)
 .bss           0x20000a94        0x0 libstm32f4xxspd.a(stm32f4xx_rcc.o)
 .bss           0x20000a94        0x0 libstm32f4xxspd.a(stm32f4xx_sdio.o)
 .bss           0x20000a94        0x0 libstm32f4xxspd.a(stm32f4xx_usart.o)
 .bss           0x20000a94        0x0 libstm32f4xxspd.a(misc.o)
 .bss           0x20000a94        0x0 C:\gnu\ARM\arm-none-eabi\lib\thumb\libc.a(lib_a-exit.o)
 .bss           0x20000a94        0x0 C:\gnu\ARM\arm-none-eabi\lib\thumb\libc.a(lib_a-impure.o)
 .bss           0x20000a94        0x0 C:\gnu\ARM\arm-none-eabi\lib\thumb\libc.a(lib_a-init.o)
 .bss           0x20000a94        0x0 C:\gnu\ARM\arm-none-eabi\lib\thumb\libc.a(lib_a-memset.o)
 .bss           0x20000a94        0x0 C:\gnu\ARM\arm-none-eabi\lib\thumb\libc.a(lib_a-printf.o)
 .bss           0x20000a94        0x0 C:\gnu\ARM\arm-none-eabi\lib\thumb\libc.a(lib_a-puts.o)
 .bss           0x20000a94        0x0 C:\gnu\ARM\arm-none-eabi\lib\thumb\libc.a(lib_a-strlen-stub.o)
 .bss           0x20000a94        0x0 C:\gnu\ARM\arm-none-eabi\lib\thumb\libc.a(lib_a-vfprintf.o)
 .bss           0x20000a94        0x0 C:\gnu\ARM\arm-none-eabi\lib\thumb\libc.a(lib_a-wsetup.o)
 .bss           0x20000a94        0x0 C:\gnu\ARM\arm-none-eabi\lib\thumb\libc.a(lib_a-__call_atexit.o)
 .bss           0x20000a94        0x0 C:\gnu\ARM\arm-none-eabi\lib\thumb\libc.a(lib_a-atexit.o)
 .bss           0x20000a94        0x0 C:\gnu\ARM\arm-none-eabi\lib\thumb\libc.a(lib_a-dtoa.o)
 .bss           0x20000a94        0x0 C:\gnu\ARM\arm-none-eabi\lib\thumb\libc.a(lib_a-fflush.o)
 .bss           0x20000a94        0x0 C:\gnu\ARM\arm-none-eabi\lib\thumb\libc.a(lib_a-findfp.o)
 .bss           0x20000a94        0x0 C:\gnu\ARM\arm-none-eabi\lib\thumb\libc.a(lib_a-fini.o)
 .bss           0x20000a94        0x0 C:\gnu\ARM\arm-none-eabi\lib\thumb\libc.a(lib_a-freer.o)
 .bss           0x20000a94        0x0 C:\gnu\ARM\arm-none-eabi\lib\thumb\libc.a(lib_a-fvwrite.o)
 .bss           0x20000a94        0x0 C:\gnu\ARM\arm-none-eabi\lib\thumb\libc.a(lib_a-fwalk.o)
 .bss           0x20000a94        0x0 C:\gnu\ARM\arm-none-eabi\lib\thumb\libc.a(lib_a-localeconv.o)
 .bss           0x20000a94        0x0 C:\gnu\ARM\arm-none-eabi\lib\thumb\libc.a(lib_a-makebuf.o)
 .bss           0x20000a94        0x0 C:\gnu\ARM\arm-none-eabi\lib\thumb\libc.a(lib_a-mallocr.o)
 .bss.__malloc_current_mallinfo
                0x20000a94       0x28 C:\gnu\ARM\arm-none-eabi\lib\thumb\libc.a(lib_a-mallocr.o)
                0x20000a94                __malloc_current_mallinfo
 .bss.__malloc_max_sbrked_mem
                0x20000abc        0x4 C:\gnu\ARM\arm-none-eabi\lib\thumb\libc.a(lib_a-mallocr.o)
                0x20000abc                __malloc_max_sbrked_mem
 .bss.__malloc_max_total_mem
                0x20000ac0        0x4 C:\gnu\ARM\arm-none-eabi\lib\thumb\libc.a(lib_a-mallocr.o)
                0x20000ac0                __malloc_max_total_mem
 .bss.__malloc_top_pad
                0x20000ac4        0x4 C:\gnu\ARM\arm-none-eabi\lib\thumb\libc.a(lib_a-mallocr.o)
                0x20000ac4                __malloc_top_pad
 .bss           0x20000ac8        0x0 C:\gnu\ARM\arm-none-eabi\lib\thumb\libc.a(lib_a-memchr-stub.o)
 .bss           0x20000ac8        0x0 C:\gnu\ARM\arm-none-eabi\lib\thumb\libc.a(lib_a-memcpy-stub.o)
 .bss           0x20000ac8        0x0 C:\gnu\ARM\arm-none-eabi\lib\thumb\libc.a(lib_a-memmove.o)
 .bss           0x20000ac8        0x0 C:\gnu\ARM\arm-none-eabi\lib\thumb\libc.a(lib_a-mlock.o)
 .bss           0x20000ac8        0x0 C:\gnu\ARM\arm-none-eabi\lib\thumb\libc.a(lib_a-mprec.o)
 .bss           0x20000ac8        0x0 C:\gnu\ARM\arm-none-eabi\lib\thumb\libc.a(lib_a-reallocr.o)
 .bss           0x20000ac8        0x0 C:\gnu\ARM\arm-none-eabi\lib\thumb\libc.a(lib_a-sbrkr.o)
 .bss           0x20000ac8        0x0 C:\gnu\ARM\arm-none-eabi\lib\thumb\libc.a(lib_a-stdio.o)
 .bss           0x20000ac8        0x0 C:\gnu\ARM\arm-none-eabi\lib\thumb\libc.a(lib_a-vfiprintf.o)
 .bss           0x20000ac8        0x0 C:\gnu\ARM\arm-none-eabi\lib\thumb\libc.a(lib_a-writer.o)
 .bss           0x20000ac8        0x0 C:\gnu\ARM\arm-none-eabi\lib\thumb\libc.a(lib_a-__atexit.o)
 .bss           0x20000ac8        0x0 C:\gnu\ARM\arm-none-eabi\lib\thumb\libc.a(lib_a-callocr.o)
 .bss           0x20000ac8        0x0 C:\gnu\ARM\arm-none-eabi\lib\thumb\libc.a(lib_a-closer.o)
 .bss           0x20000ac8        0x0 C:\gnu\ARM\arm-none-eabi\lib\thumb\libc.a(lib_a-fclose.o)
 .bss           0x20000ac8        0x0 C:\gnu\ARM\arm-none-eabi\lib\thumb\libc.a(lib_a-fputwc.o)
 .bss           0x20000ac8        0x0 C:\gnu\ARM\arm-none-eabi\lib\thumb\libc.a(lib_a-fstatr.o)
 .bss           0x20000ac8        0x0 C:\gnu\ARM\arm-none-eabi\lib\thumb\libc.a(lib_a-isattyr.o)
 .bss           0x20000ac8        0x0 C:\gnu\ARM\arm-none-eabi\lib\thumb\libc.a(lib_a-locale.o)
 .bss._PathLocale
                0x20000ac8        0x4 C:\gnu\ARM\arm-none-eabi\lib\thumb\libc.a(lib_a-locale.o)
                0x20000ac8                _PathLocale
 .bss           0x20000acc        0x0 C:\gnu\ARM\arm-none-eabi\lib\thumb\libc.a(lib_a-lseekr.o)
 .bss           0x20000acc        0x0 C:\gnu\ARM\arm-none-eabi\lib\thumb\libc.a(lib_a-mbtowc_r.o)
 .bss           0x20000acc        0x0 C:\gnu\ARM\arm-none-eabi\lib\thumb\libc.a(lib_a-readr.o)
 .bss           0x20000acc        0x0 C:\gnu\ARM\arm-none-eabi\lib\thumb\libc.a(lib_a-reent.o)
 .bss           0x20000acc        0x0 C:\gnu\ARM\arm-none-eabi\lib\thumb\libc.a(lib_a-strcmp.o)
 .bss           0x20000acc        0x0 C:\gnu\ARM\arm-none-eabi\lib\thumb\libc.a(lib_a-wbuf.o)
 .bss           0x20000acc        0x0 C:\gnu\ARM\arm-none-eabi\lib\thumb\libc.a(lib_a-wcrtomb.o)
 .bss           0x20000acc        0x0 C:\gnu\ARM\arm-none-eabi\lib\thumb\libc.a(lib_a-wctomb_r.o)
 .bss           0x20000acc        0x0 C:\gnu\ARM\arm-none-eabi\lib\thumb\libc.a(lib_a-ctype_.o)
 .bss           0x20000acc        0x0 C:\gnu\ARM\arm-none-eabi\lib\thumb\libnosys.a(close.o)
 .bss           0x20000acc        0x0 C:\gnu\ARM\arm-none-eabi\lib\thumb\libnosys.a(fstat.o)
 .bss           0x20000acc        0x0 C:\gnu\ARM\arm-none-eabi\lib\thumb\libnosys.a(isatty.o)
 .bss           0x20000acc        0x0 C:\gnu\ARM\arm-none-eabi\lib\thumb\libnosys.a(lseek.o)
 .bss           0x20000acc        0x0 C:\gnu\ARM\arm-none-eabi\lib\thumb\libnosys.a(read.o)
 .bss           0x20000acc        0x0 C:\gnu\ARM\arm-none-eabi\lib\thumb\libnosys.a(sbrk.o)
 .bss.heap_end.4116
                0x20000acc        0x4 C:\gnu\ARM\arm-none-eabi\lib\thumb\libnosys.a(sbrk.o)
 .bss           0x20000ad0        0x0 C:\gnu\ARM\arm-none-eabi\lib\thumb\libnosys.a(write.o)
 .bss           0x20000ad0        0x0 c:/gnu/arm/bin/../lib/gcc/arm-none-eabi/6.2.1/thumb/v7e-m\libgcc.a(_udivsi3.o)
 .bss           0x20000ad0        0x0 c:/gnu/arm/bin/../lib/gcc/arm-none-eabi/6.2.1/thumb/v7e-m\libgcc.a(_divsi3.o)
 .bss           0x20000ad0        0x0 c:/gnu/arm/bin/../lib/gcc/arm-none-eabi/6.2.1/thumb/v7e-m\libgcc.a(_dvmd_tls.o)
 .bss           0x20000ad0        0x0 c:/gnu/arm/bin/../lib/gcc/arm-none-eabi/6.2.1/thumb/v7e-m\libgcc.a(_arm_addsubdf3.o)
 .bss           0x20000ad0        0x0 c:/gnu/arm/bin/../lib/gcc/arm-none-eabi/6.2.1/thumb/v7e-m\libgcc.a(_arm_muldivdf3.o)
 .bss           0x20000ad0        0x0 c:/gnu/arm/bin/../lib/gcc/arm-none-eabi/6.2.1/thumb/v7e-m\libgcc.a(_arm_cmpdf2.o)
 .bss           0x20000ad0        0x0 c:/gnu/arm/bin/../lib/gcc/arm-none-eabi/6.2.1/thumb/v7e-m\libgcc.a(_arm_unorddf2.o)
 .bss           0x20000ad0        0x0 c:/gnu/arm/bin/../lib/gcc/arm-none-eabi/6.2.1/thumb/v7e-m\libgcc.a(_arm_fixdfsi.o)
 .bss           0x20000ad0        0x0 c:/gnu/arm/bin/../lib/gcc/arm-none-eabi/6.2.1/thumb/v7e-m\libgcc.a(_aeabi_uldivmod.o)
 .bss           0x20000ad0        0x0 c:/gnu/arm/bin/../lib/gcc/arm-none-eabi/6.2.1/thumb/v7e-m\libgcc.a(_udivmoddi4.o)
 .bss           0x20000ad0        0x0 c:/gnu/arm/bin/../lib/gcc/arm-none-eabi/6.2.1/thumb/v7e-m/crtend.o
 .bss           0x20000ad0        0x0 c:/gnu/arm/bin/../lib/gcc/arm-none-eabi/6.2.1/thumb/v7e-m/crtn.o
 *(COMMON)
 COMMON         0x20000ad0       0x14 obj/eecfg.o
                0x20000ad0                EE_alarm_RAM
                0x20000adc                EE_th_nact
 COMMON         0x20000ae4      0x511 obj/main.o
                0x20000ae4                fno
                0x20000afc                buff
                0x20000b7c                br
                0x20000b80                file
                0x20000da4                bw
                0x20000da8                dir
                0x20000dc4                filesystem
                0x20000ff4                ret
 *fill*         0x20000ff5        0x3 
 COMMON         0x20000ff8        0x8 libee.a(ee_hal_structs.o)
                0x20000ff8                EE_IRQ_nesting_level
                0x20000ffc                EE_std_endcycle_next_tid
 COMMON         0x20001000       0x94 libstm32f4discovery.a(stm32f4_discovery_sdio_sd.o)
                0x20001000                SDIO_CmdInitStructure
                0x20001014                SDCardInfo
                0x20001064                SDIO_InitStructure
                0x2000107c                SDIO_DataInitStructure
 COMMON         0x20001094        0x4 C:\gnu\ARM\arm-none-eabi\lib\thumb\libc.a(lib_a-reent.o)
                0x20001094                errno
                0x20001098                . = ALIGN (0x4)
                0x20001098                __bss_end__ = .

.heap           0x20001098      0x100
                0x20001098                __end__ = .
                0x20001098                end = __end__
 *(.heap*)
 .heap          0x20001098      0x100 obj/pkg/mcu/st_stm32_stm32f4xx/src/startup_stm32f4xx_gnu.o
                0x20001098                __HeapBase
                0x20001198                __HeapLimit = .

.stack_dummy    0x20001098      0xc00
 *(.stack*)
 .stack         0x20001098      0xc00 obj/pkg/mcu/st_stm32_stm32f4xx/src/startup_stm32f4xx_gnu.o
                0x20020000                __StackTop = (ORIGIN (RAM) + LENGTH (RAM))
                0x2001f400                __StackLimit = (__StackTop - SIZEOF (.stack_dummy))
                0x20020000                PROVIDE (__stack, __StackTop)
                0x00000001                ASSERT ((__StackLimit >= __HeapLimit), region RAM overflowed with stack)
                0x10000000                __CcmOrigin = ORIGIN (CCM)
                0x00010000                __CcmLen = LENGTH (CCM)
START GROUP
LOAD c:/gnu/arm/bin/../lib/gcc/arm-none-eabi/6.2.1/thumb/v7e-m\libgcc.a
LOAD C:\gnu\ARM\arm-none-eabi\lib\thumb\libg.a
LOAD C:\gnu\ARM\arm-none-eabi\lib\thumb\libc.a
END GROUP
LOAD c:/gnu/arm/bin/../lib/gcc/arm-none-eabi/6.2.1/thumb/v7e-m/crtend.o
LOAD c:/gnu/arm/bin/../lib/gcc/arm-none-eabi/6.2.1/thumb/v7e-m/crtn.o
OUTPUT(c_mX.elf elf32-littlearm)

.ARM.attributes
                0x00000000       0x2c
 .ARM.attributes
                0x00000000       0x1e c:/gnu/arm/bin/../lib/gcc/arm-none-eabi/6.2.1/thumb/v7e-m/crti.o
 .ARM.attributes
                0x0000001e       0x2e c:/gnu/arm/bin/../lib/gcc/arm-none-eabi/6.2.1/thumb/v7e-m/crtbegin.o
 .ARM.attributes
                0x0000004c       0x1c c:/gnu/arm/bin/../lib/gcc/arm-none-eabi/6.2.1/../../../../arm-none-eabi/lib/thumb/v7e-m/crt0.o
 .ARM.attributes
                0x00000068       0x33 obj/diskio.o
 .ARM.attributes
                0x0000009b       0x33 obj/eecfg.o
 .ARM.attributes
                0x000000ce       0x33 obj/ff.o
 .ARM.attributes
                0x00000101       0x33 obj/main.o
 .ARM.attributes
                0x00000134       0x1c obj/pkg/mcu/st_stm32_stm32f4xx/src/startup_stm32f4xx_gnu.o
 .ARM.attributes
                0x00000150       0x33 obj/pkg/mcu/st_stm32_stm32f4xx/src/system_stm32f4xx.o
 .ARM.attributes
                0x00000183       0x33 libee.a(ee_hal_structs.o)
 .ARM.attributes
                0x000001b6       0x33 libee.a(ee_utils.o)
 .ARM.attributes
                0x000001e9       0x21 libee.a(ee_gnu_change_context_isr.o)
 .ARM.attributes
                0x0000020a       0x33 libee.a(ee_altick.o)
 .ARM.attributes
                0x0000023d       0x33 libee.a(ee_alsetrel.o)
 .ARM.attributes
                0x00000270       0x33 libee.a(ee_irqsc.o)
 .ARM.attributes
                0x000002a3       0x33 libee.a(ee_rqexchg.o)
 .ARM.attributes
                0x000002d6       0x33 libee.a(ee_rqinsert.o)
 .ARM.attributes
                0x00000309       0x33 libee.a(ee_thact.o)
 .ARM.attributes
                0x0000033c       0x33 libee.a(ee_context.o)
 .ARM.attributes
                0x0000036f       0x33 libee.a(ee_context.o)
 .ARM.attributes
                0x000003a2       0x33 libee.a(ee_thendin.o)
 .ARM.attributes
                0x000003d5       0x33 libstm32f4discovery.a(stm32f4_discovery.o)
 .ARM.attributes
                0x00000408       0x33 libstm32f4discovery.a(stm32f4_discovery_sdio_sd.o)
 .ARM.attributes
                0x0000043b       0x33 libstm32f4xxspd.a(stm32f4xx_dma.o)
 .ARM.attributes
                0x0000046e       0x33 libstm32f4xxspd.a(stm32f4xx_gpio.o)
 .ARM.attributes
                0x000004a1       0x33 libstm32f4xxspd.a(stm32f4xx_rcc.o)
 .ARM.attributes
                0x000004d4       0x33 libstm32f4xxspd.a(stm32f4xx_sdio.o)
 .ARM.attributes
                0x00000507       0x33 libstm32f4xxspd.a(stm32f4xx_usart.o)
 .ARM.attributes
                0x0000053a       0x33 libstm32f4xxspd.a(misc.o)
 .ARM.attributes
                0x0000056d       0x30 C:\gnu\ARM\arm-none-eabi\lib\thumb\libc.a(lib_a-exit.o)
 .ARM.attributes
                0x0000059d       0x30 C:\gnu\ARM\arm-none-eabi\lib\thumb\libc.a(lib_a-impure.o)
 .ARM.attributes
                0x000005cd       0x30 C:\gnu\ARM\arm-none-eabi\lib\thumb\libc.a(lib_a-init.o)
 .ARM.attributes
                0x000005fd       0x30 C:\gnu\ARM\arm-none-eabi\lib\thumb\libc.a(lib_a-memset.o)
 .ARM.attributes
                0x0000062d       0x30 C:\gnu\ARM\arm-none-eabi\lib\thumb\libc.a(lib_a-printf.o)
 .ARM.attributes
                0x0000065d       0x30 C:\gnu\ARM\arm-none-eabi\lib\thumb\libc.a(lib_a-puts.o)
 .ARM.attributes
                0x0000068d       0x30 C:\gnu\ARM\arm-none-eabi\lib\thumb\libc.a(lib_a-strlen-stub.o)
 .ARM.attributes
                0x000006bd       0x30 C:\gnu\ARM\arm-none-eabi\lib\thumb\libc.a(lib_a-vfprintf.o)
 .ARM.attributes
                0x000006ed       0x30 C:\gnu\ARM\arm-none-eabi\lib\thumb\libc.a(lib_a-wsetup.o)
 .ARM.attributes
                0x0000071d       0x30 C:\gnu\ARM\arm-none-eabi\lib\thumb\libc.a(lib_a-__call_atexit.o)
 .ARM.attributes
                0x0000074d       0x30 C:\gnu\ARM\arm-none-eabi\lib\thumb\libc.a(lib_a-atexit.o)
 .ARM.attributes
                0x0000077d       0x30 C:\gnu\ARM\arm-none-eabi\lib\thumb\libc.a(lib_a-dtoa.o)
 .ARM.attributes
                0x000007ad       0x30 C:\gnu\ARM\arm-none-eabi\lib\thumb\libc.a(lib_a-fflush.o)
 .ARM.attributes
                0x000007dd       0x30 C:\gnu\ARM\arm-none-eabi\lib\thumb\libc.a(lib_a-findfp.o)
 .ARM.attributes
                0x0000080d       0x30 C:\gnu\ARM\arm-none-eabi\lib\thumb\libc.a(lib_a-fini.o)
 .ARM.attributes
                0x0000083d       0x30 C:\gnu\ARM\arm-none-eabi\lib\thumb\libc.a(lib_a-freer.o)
 .ARM.attributes
                0x0000086d       0x30 C:\gnu\ARM\arm-none-eabi\lib\thumb\libc.a(lib_a-fvwrite.o)
 .ARM.attributes
                0x0000089d       0x30 C:\gnu\ARM\arm-none-eabi\lib\thumb\libc.a(lib_a-fwalk.o)
 .ARM.attributes
                0x000008cd       0x30 C:\gnu\ARM\arm-none-eabi\lib\thumb\libc.a(lib_a-localeconv.o)
 .ARM.attributes
                0x000008fd       0x30 C:\gnu\ARM\arm-none-eabi\lib\thumb\libc.a(lib_a-makebuf.o)
 .ARM.attributes
                0x0000092d       0x30 C:\gnu\ARM\arm-none-eabi\lib\thumb\libc.a(lib_a-mallocr.o)
 .ARM.attributes
                0x0000095d       0x30 C:\gnu\ARM\arm-none-eabi\lib\thumb\libc.a(lib_a-memchr-stub.o)
 .ARM.attributes
                0x0000098d       0x30 C:\gnu\ARM\arm-none-eabi\lib\thumb\libc.a(lib_a-memcpy-stub.o)
 .ARM.attributes
                0x000009bd       0x30 C:\gnu\ARM\arm-none-eabi\lib\thumb\libc.a(lib_a-memmove.o)
 .ARM.attributes
                0x000009ed       0x30 C:\gnu\ARM\arm-none-eabi\lib\thumb\libc.a(lib_a-mlock.o)
 .ARM.attributes
                0x00000a1d       0x30 C:\gnu\ARM\arm-none-eabi\lib\thumb\libc.a(lib_a-mprec.o)
 .ARM.attributes
                0x00000a4d       0x30 C:\gnu\ARM\arm-none-eabi\lib\thumb\libc.a(lib_a-reallocr.o)
 .ARM.attributes
                0x00000a7d       0x30 C:\gnu\ARM\arm-none-eabi\lib\thumb\libc.a(lib_a-sbrkr.o)
 .ARM.attributes
                0x00000aad       0x30 C:\gnu\ARM\arm-none-eabi\lib\thumb\libc.a(lib_a-stdio.o)
 .ARM.attributes
                0x00000add       0x30 C:\gnu\ARM\arm-none-eabi\lib\thumb\libc.a(lib_a-vfiprintf.o)
 .ARM.attributes
                0x00000b0d       0x30 C:\gnu\ARM\arm-none-eabi\lib\thumb\libc.a(lib_a-writer.o)
 .ARM.attributes
                0x00000b3d       0x30 C:\gnu\ARM\arm-none-eabi\lib\thumb\libc.a(lib_a-__atexit.o)
 .ARM.attributes
                0x00000b6d       0x30 C:\gnu\ARM\arm-none-eabi\lib\thumb\libc.a(lib_a-callocr.o)
 .ARM.attributes
                0x00000b9d       0x30 C:\gnu\ARM\arm-none-eabi\lib\thumb\libc.a(lib_a-closer.o)
 .ARM.attributes
                0x00000bcd       0x30 C:\gnu\ARM\arm-none-eabi\lib\thumb\libc.a(lib_a-fclose.o)
 .ARM.attributes
                0x00000bfd       0x30 C:\gnu\ARM\arm-none-eabi\lib\thumb\libc.a(lib_a-fputwc.o)
 .ARM.attributes
                0x00000c2d       0x30 C:\gnu\ARM\arm-none-eabi\lib\thumb\libc.a(lib_a-fstatr.o)
 .ARM.attributes
                0x00000c5d       0x30 C:\gnu\ARM\arm-none-eabi\lib\thumb\libc.a(lib_a-isattyr.o)
 .ARM.attributes
                0x00000c8d       0x30 C:\gnu\ARM\arm-none-eabi\lib\thumb\libc.a(lib_a-locale.o)
 .ARM.attributes
                0x00000cbd       0x30 C:\gnu\ARM\arm-none-eabi\lib\thumb\libc.a(lib_a-lseekr.o)
 .ARM.attributes
                0x00000ced       0x30 C:\gnu\ARM\arm-none-eabi\lib\thumb\libc.a(lib_a-mbtowc_r.o)
 .ARM.attributes
                0x00000d1d       0x30 C:\gnu\ARM\arm-none-eabi\lib\thumb\libc.a(lib_a-readr.o)
 .ARM.attributes
                0x00000d4d       0x30 C:\gnu\ARM\arm-none-eabi\lib\thumb\libc.a(lib_a-reent.o)
 .ARM.attributes
                0x00000d7d       0x16 C:\gnu\ARM\arm-none-eabi\lib\thumb\libc.a(lib_a-strcmp.o)
 .ARM.attributes
                0x00000d93       0x30 C:\gnu\ARM\arm-none-eabi\lib\thumb\libc.a(lib_a-wbuf.o)
 .ARM.attributes
                0x00000dc3       0x30 C:\gnu\ARM\arm-none-eabi\lib\thumb\libc.a(lib_a-wcrtomb.o)
 .ARM.attributes
                0x00000df3       0x30 C:\gnu\ARM\arm-none-eabi\lib\thumb\libc.a(lib_a-wctomb_r.o)
 .ARM.attributes
                0x00000e23       0x30 C:\gnu\ARM\arm-none-eabi\lib\thumb\libc.a(lib_a-ctype_.o)
 .ARM.attributes
                0x00000e53       0x30 C:\gnu\ARM\arm-none-eabi\lib\thumb\libnosys.a(close.o)
 .ARM.attributes
                0x00000e83       0x30 C:\gnu\ARM\arm-none-eabi\lib\thumb\libnosys.a(fstat.o)
 .ARM.attributes
                0x00000eb3       0x30 C:\gnu\ARM\arm-none-eabi\lib\thumb\libnosys.a(isatty.o)
 .ARM.attributes
                0x00000ee3       0x30 C:\gnu\ARM\arm-none-eabi\lib\thumb\libnosys.a(lseek.o)
 .ARM.attributes
                0x00000f13       0x30 C:\gnu\ARM\arm-none-eabi\lib\thumb\libnosys.a(read.o)
 .ARM.attributes
                0x00000f43       0x30 C:\gnu\ARM\arm-none-eabi\lib\thumb\libnosys.a(sbrk.o)
 .ARM.attributes
                0x00000f73       0x30 C:\gnu\ARM\arm-none-eabi\lib\thumb\libnosys.a(write.o)
 .ARM.attributes
                0x00000fa3       0x1e c:/gnu/arm/bin/../lib/gcc/arm-none-eabi/6.2.1/thumb/v7e-m\libgcc.a(_udivsi3.o)
 .ARM.attributes
                0x00000fc1       0x1e c:/gnu/arm/bin/../lib/gcc/arm-none-eabi/6.2.1/thumb/v7e-m\libgcc.a(_divsi3.o)
 .ARM.attributes
                0x00000fdf       0x1e c:/gnu/arm/bin/../lib/gcc/arm-none-eabi/6.2.1/thumb/v7e-m\libgcc.a(_dvmd_tls.o)
 .ARM.attributes
                0x00000ffd       0x1e c:/gnu/arm/bin/../lib/gcc/arm-none-eabi/6.2.1/thumb/v7e-m\libgcc.a(_arm_addsubdf3.o)
 .ARM.attributes
                0x0000101b       0x1e c:/gnu/arm/bin/../lib/gcc/arm-none-eabi/6.2.1/thumb/v7e-m\libgcc.a(_arm_muldivdf3.o)
 .ARM.attributes
                0x00001039       0x1e c:/gnu/arm/bin/../lib/gcc/arm-none-eabi/6.2.1/thumb/v7e-m\libgcc.a(_arm_cmpdf2.o)
 .ARM.attributes
                0x00001057       0x1e c:/gnu/arm/bin/../lib/gcc/arm-none-eabi/6.2.1/thumb/v7e-m\libgcc.a(_arm_unorddf2.o)
 .ARM.attributes
                0x00001075       0x1e c:/gnu/arm/bin/../lib/gcc/arm-none-eabi/6.2.1/thumb/v7e-m\libgcc.a(_arm_fixdfsi.o)
 .ARM.attributes
                0x00001093       0x1e c:/gnu/arm/bin/../lib/gcc/arm-none-eabi/6.2.1/thumb/v7e-m\libgcc.a(_aeabi_uldivmod.o)
 .ARM.attributes
                0x000010b1       0x2e c:/gnu/arm/bin/../lib/gcc/arm-none-eabi/6.2.1/thumb/v7e-m\libgcc.a(_udivmoddi4.o)
 .ARM.attributes
                0x000010df       0x2e c:/gnu/arm/bin/../lib/gcc/arm-none-eabi/6.2.1/thumb/v7e-m/crtend.o
 .ARM.attributes
                0x0000110d       0x1e c:/gnu/arm/bin/../lib/gcc/arm-none-eabi/6.2.1/thumb/v7e-m/crtn.o

.comment        0x00000000       0x6e
 .comment       0x00000000       0x6e obj/diskio.o
                                 0x6f (size before relaxing)
 .comment       0x0000006e       0x6f obj/eecfg.o
 .comment       0x0000006e       0x6f obj/ff.o
 .comment       0x0000006e       0x6f obj/main.o
 .comment       0x0000006e       0x6f obj/pkg/mcu/st_stm32_stm32f4xx/src/system_stm32f4xx.o
 .comment       0x0000006e       0x6f libee.a(ee_hal_structs.o)
 .comment       0x0000006e       0x6f libee.a(ee_utils.o)
 .comment       0x0000006e       0x6f libee.a(ee_altick.o)
 .comment       0x0000006e       0x6f libee.a(ee_alsetrel.o)
 .comment       0x0000006e       0x6f libee.a(ee_irqsc.o)
 .comment       0x0000006e       0x6f libee.a(ee_rqexchg.o)
 .comment       0x0000006e       0x6f libee.a(ee_rqinsert.o)
 .comment       0x0000006e       0x6f libee.a(ee_thact.o)
 .comment       0x0000006e       0x6f libee.a(ee_context.o)
 .comment       0x0000006e       0x6f libee.a(ee_context.o)
 .comment       0x0000006e       0x6f libee.a(ee_thendin.o)
 .comment       0x0000006e       0x6f libstm32f4discovery.a(stm32f4_discovery.o)
 .comment       0x0000006e       0x6f libstm32f4discovery.a(stm32f4_discovery_sdio_sd.o)
 .comment       0x0000006e       0x6f libstm32f4xxspd.a(stm32f4xx_dma.o)